Archive member included to satisfy reference by file (symbol)

/Applications/MCUXpressoIDE_11.5.0_7232/ide/plugins/com.nxp.mcuxpresso.tools.macosx_11.5.0.202107051138/tools/bin/../lib/gcc/arm-none-eabi/10.3.1/../../../../arm-none-eabi/lib/thumb/v6-m/nofp/libcr_nohost_nf.a(_cr__main.o)
                              ./startup/startup_mkl46z4.o (__main)
/Applications/MCUXpressoIDE_11.5.0_7232/ide/plugins/com.nxp.mcuxpresso.tools.macosx_11.5.0.202107051138/tools/bin/../lib/gcc/arm-none-eabi/10.3.1/../../../../arm-none-eabi/lib/thumb/v6-m/nofp/libcr_nohost_nf.a(_cr_assert.o)
                              ./utilities/fsl_debug_console.o (__assertion_failed)
/Applications/MCUXpressoIDE_11.5.0_7232/ide/plugins/com.nxp.mcuxpresso.tools.macosx_11.5.0.202107051138/tools/bin/../lib/gcc/arm-none-eabi/10.3.1/../../../../arm-none-eabi/lib/thumb/v6-m/nofp/libcr_nohost_nf.a(__ciob.o)
                              /Applications/MCUXpressoIDE_11.5.0_7232/ide/plugins/com.nxp.mcuxpresso.tools.macosx_11.5.0.202107051138/tools/bin/../lib/gcc/arm-none-eabi/10.3.1/../../../../arm-none-eabi/lib/thumb/v6-m/nofp/libcr_nohost_nf.a(_cr_assert.o) (__Ciob)
/Applications/MCUXpressoIDE_11.5.0_7232/ide/plugins/com.nxp.mcuxpresso.tools.macosx_11.5.0.202107051138/tools/bin/../lib/gcc/arm-none-eabi/10.3.1/../../../../arm-none-eabi/lib/thumb/v6-m/nofp/libcr_nohost_nf.a(__sys_appexit.o)
                              /Applications/MCUXpressoIDE_11.5.0_7232/ide/plugins/com.nxp.mcuxpresso.tools.macosx_11.5.0.202107051138/tools/bin/../lib/gcc/arm-none-eabi/10.3.1/../../../../arm-none-eabi/lib/thumb/v6-m/nofp/libcr_nohost_nf.a(_cr_assert.o) (__sys_appexit)
/Applications/MCUXpressoIDE_11.5.0_7232/ide/plugins/com.nxp.mcuxpresso.tools.macosx_11.5.0.202107051138/tools/bin/../lib/gcc/arm-none-eabi/10.3.1/../../../../arm-none-eabi/lib/thumb/v6-m/nofp/libcr_c.a(memcpy.o)
                              ./drivers/fsl_ftfx_cache.o (memcpy)
/Applications/MCUXpressoIDE_11.5.0_7232/ide/plugins/com.nxp.mcuxpresso.tools.macosx_11.5.0.202107051138/tools/bin/../lib/gcc/arm-none-eabi/10.3.1/../../../../arm-none-eabi/lib/thumb/v6-m/nofp/libcr_c.a(memset.o)
                              ./utilities/fsl_debug_console.o (memset)
/Applications/MCUXpressoIDE_11.5.0_7232/ide/plugins/com.nxp.mcuxpresso.tools.macosx_11.5.0.202107051138/tools/bin/../lib/gcc/arm-none-eabi/10.3.1/../../../../arm-none-eabi/lib/thumb/v6-m/nofp/libcr_c.a(_deferredlazyseek.o)
                              /Applications/MCUXpressoIDE_11.5.0_7232/ide/plugins/com.nxp.mcuxpresso.tools.macosx_11.5.0.202107051138/tools/bin/../lib/gcc/arm-none-eabi/10.3.1/../../../../arm-none-eabi/lib/thumb/v6-m/nofp/libcr_nohost_nf.a(_cr_assert.o) (__flsbuf)
/Applications/MCUXpressoIDE_11.5.0_7232/ide/plugins/com.nxp.mcuxpresso.tools.macosx_11.5.0.202107051138/tools/bin/../lib/gcc/arm-none-eabi/10.3.1/../../../../arm-none-eabi/lib/thumb/v6-m/nofp/libcr_c.a(_fflush.o)
                              /Applications/MCUXpressoIDE_11.5.0_7232/ide/plugins/com.nxp.mcuxpresso.tools.macosx_11.5.0.202107051138/tools/bin/../lib/gcc/arm-none-eabi/10.3.1/../../../../arm-none-eabi/lib/thumb/v6-m/nofp/libcr_c.a(_deferredlazyseek.o) (_fflush)
/Applications/MCUXpressoIDE_11.5.0_7232/ide/plugins/com.nxp.mcuxpresso.tools.macosx_11.5.0.202107051138/tools/bin/../lib/gcc/arm-none-eabi/10.3.1/../../../../arm-none-eabi/lib/thumb/v6-m/nofp/libcr_c.a(_writebuf.o)
                              /Applications/MCUXpressoIDE_11.5.0_7232/ide/plugins/com.nxp.mcuxpresso.tools.macosx_11.5.0.202107051138/tools/bin/../lib/gcc/arm-none-eabi/10.3.1/../../../../arm-none-eabi/lib/thumb/v6-m/nofp/libcr_c.a(_deferredlazyseek.o) (_Cwritebuf)
/Applications/MCUXpressoIDE_11.5.0_7232/ide/plugins/com.nxp.mcuxpresso.tools.macosx_11.5.0.202107051138/tools/bin/../lib/gcc/arm-none-eabi/10.3.1/../../../../arm-none-eabi/lib/thumb/v6-m/nofp/libcr_c.a(alloc.o)
                              ./drivers/fsl_common.o (malloc)
/Applications/MCUXpressoIDE_11.5.0_7232/ide/plugins/com.nxp.mcuxpresso.tools.macosx_11.5.0.202107051138/tools/bin/../lib/gcc/arm-none-eabi/10.3.1/../../../../arm-none-eabi/lib/thumb/v6-m/nofp/libcr_c.a(fputs.o)
                              /Applications/MCUXpressoIDE_11.5.0_7232/ide/plugins/com.nxp.mcuxpresso.tools.macosx_11.5.0.202107051138/tools/bin/../lib/gcc/arm-none-eabi/10.3.1/../../../../arm-none-eabi/lib/thumb/v6-m/nofp/libcr_nohost_nf.a(_cr_assert.o) (fputs)
/Applications/MCUXpressoIDE_11.5.0_7232/ide/plugins/com.nxp.mcuxpresso.tools.macosx_11.5.0.202107051138/tools/bin/../lib/gcc/arm-none-eabi/10.3.1/../../../../arm-none-eabi/lib/thumb/v6-m/nofp/libcr_c.a(fseek.o)
                              /Applications/MCUXpressoIDE_11.5.0_7232/ide/plugins/com.nxp.mcuxpresso.tools.macosx_11.5.0.202107051138/tools/bin/../lib/gcc/arm-none-eabi/10.3.1/../../../../arm-none-eabi/lib/thumb/v6-m/nofp/libcr_c.a(_deferredlazyseek.o) (fseek)
[...]
Memory Configuration

Name             Origin             Length             Attributes
PROGRAM_FLASH    0x0000000000000000 0x0000000000040000 xr
SRAM             0x000000001fffe000 0x0000000000008000 xrw
*default*        0x0000000000000000 0xffffffffffffffff

Linker script and memory map

LOAD ./utilities/fsl_debug_console.o
LOAD ./utilities/fsl_io.o
LOAD ./utilities/fsl_log.o
LOAD ./utilities/fsl_str.o
LOAD ./startup/startup_mkl46z4.o
LOAD ./source/lab1.s.o
LOAD ./drivers/fsl_clock.o
LOAD ./drivers/fsl_common.o
LOAD ./drivers/fsl_ftfx_cache.o
LOAD ./drivers/fsl_ftfx_controller.o
LOAD ./drivers/fsl_ftfx_flash.o
LOAD ./drivers/fsl_ftfx_flexnvm.o
LOAD ./drivers/fsl_gpio.o
LOAD ./drivers/fsl_i2c.o
LOAD ./drivers/fsl_lpsci.o
LOAD ./drivers/fsl_smc.o
LOAD ./drivers/fsl_uart.o
LOAD ./board/board.o
LOAD ./board/clock_config.o
LOAD ./board/peripherals.o
LOAD ./board/pin_mux.o
LOAD ./CMSIS/system_MKL46Z4.o
START GROUP
LOAD /Applications/MCUXpressoIDE_11.5.0_7232/ide/plugins/com.nxp.mcuxpresso.tools.macosx_11.5.0.202107051138/tools/bin/../lib/gcc/arm-none-eabi/10.3.1/../../../../arm-none-eabi/lib/thumb/v6-m/nofp/libcr_nohost_nf.a
LOAD /Applications/MCUXpressoIDE_11.5.0_7232/ide/plugins/com.nxp.mcuxpresso.tools.macosx_11.5.0.202107051138/tools/bin/../lib/gcc/arm-none-eabi/10.3.1/../../../../arm-none-eabi/lib/thumb/v6-m/nofp/libcr_c.a
LOAD /Applications/MCUXpressoIDE_11.5.0_7232/ide/plugins/com.nxp.mcuxpresso.tools.macosx_11.5.0.202107051138/tools/bin/../lib/gcc/arm-none-eabi/10.3.1/thumb/v6-m/nofp/libcr_eabihelpers.a
LOAD /Applications/MCUXpressoIDE_11.5.0_7232/ide/plugins/com.nxp.mcuxpresso.tools.macosx_11.5.0.202107051138/tools/bin/../lib/gcc/arm-none-eabi/10.3.1/thumb/v6-m/nofp/libgcc.a
END GROUP
                0x0000000000000000                __base_PROGRAM_FLASH = 0x0
                0x0000000000000000                __base_Flash = 0x0
                0x0000000000040000                __top_PROGRAM_FLASH = 0x40000
                0x0000000000040000                __top_Flash = 0x40000
                0x000000001fffe000                __base_SRAM = 0x1fffe000
                0x000000001fffe000                __base_RAM = 0x1fffe000
                0x0000000020006000                __top_SRAM = 0x20006000
                0x0000000020006000                __top_RAM = 0x20006000

.text           0x0000000000000000      0xf70
 FILL mask 0xff
                0x0000000000000000                __vectors_start__ = ABSOLUTE (.)
 *(SORT_BY_ALIGNMENT(.isr_vector))
 .isr_vector    0x0000000000000000       0xc0 ./startup/startup_mkl46z4.o
                0x0000000000000000                __Vectors
                0x0000000000000000                g_pfnVectors
                0x00000000000000c0                . = ALIGN (0x4)
                0x00000000000000c0                __section_table_start = .
                0x00000000000000c0                __data_section_table = .
                0x00000000000000c0        0x4 LONG 0xf70 LOADADDR (.data)
                0x00000000000000c4        0x4 LONG 0x1fffe000 ADDR (.data)
                0x00000000000000c8        0x4 LONG 0x0 SIZEOF (.data)
                0x00000000000000cc                __data_section_table_end = .
                0x00000000000000cc                __bss_section_table = .
                0x00000000000000cc        0x4 LONG 0x1fffe000 ADDR (.bss)
                0x00000000000000d0        0x4 LONG 0xe0 SIZEOF (.bss)
                0x00000000000000d4                __bss_section_table_end = .
                0x00000000000000d4                __section_table_end = .
 *(SORT_BY_ALIGNMENT(.after_vectors*))
 .after_vectors.reset
                0x00000000000000d4       0x4c ./startup/startup_mkl46z4.o
                0x00000000000000d4                ResetISR
 .after_vectors.init_data
                0x0000000000000120       0x12 ./startup/startup_mkl46z4.o
                0x0000000000000120                data_init
 .after_vectors.init_bss
                0x0000000000000132       0x10 ./startup/startup_mkl46z4.o
                0x0000000000000132                bss_init
 .after_vectors
                0x0000000000000142      0x10c ./startup/startup_mkl46z4.o
                0x0000000000000142                NMI_Handler
                0x0000000000000144                HardFault_Handler
                0x0000000000000146                SVC_Handler
                0x0000000000000148                PendSV_Handler
                0x000000000000014a                SysTick_Handler
                0x000000000000014c                PIT_DriverIRQHandler
                0x000000000000014c                DMA0_DriverIRQHandler
                0x000000000000014c                SPI1_DriverIRQHandler
                0x000000000000014c                LPTMR0_DriverIRQHandler
                0x000000000000014c                PORTC_PORTD_DriverIRQHandler
                0x000000000000014c                I2S0_DriverIRQHandler
                0x000000000000014c                TPM2_DriverIRQHandler
                0x000000000000014c                TSI0_DriverIRQHandler
                0x000000000000014c                RTC_Seconds_DriverIRQHandler
                0x000000000000014c                LLWU_DriverIRQHandler
                0x000000000000014c                MCG_DriverIRQHandler
                0x000000000000014c                FTFA_DriverIRQHandler
                0x000000000000014c                IntDefaultHandler
                0x000000000000014c                USB0_DriverIRQHandler
                0x000000000000014c                DAC0_DriverIRQHandler
                0x000000000000014c                LVD_LVW_DriverIRQHandler
                0x000000000000014c                TPM0_DriverIRQHandler
                0x000000000000014c                Reserved20_DriverIRQHandler
                0x000000000000014c                DMA3_DriverIRQHandler
                0x000000000000014c                PORTA_DriverIRQHandler
                0x000000000000014c                TPM1_DriverIRQHandler
                0x000000000000014c                RTC_DriverIRQHandler
                0x000000000000014c                LCD_DriverIRQHandler
                0x000000000000014c                DMA1_DriverIRQHandler
                0x000000000000014c                SPI0_DriverIRQHandler
                0x000000000000014c                ADC0_DriverIRQHandler
                0x000000000000014c                CMP0_DriverIRQHandler
                0x000000000000014c                DMA2_DriverIRQHandler
                0x000000000000014e                DMA0_IRQHandler
                0x0000000000000156                DMA1_IRQHandler
                0x000000000000015e                DMA2_IRQHandler
                0x0000000000000166                DMA3_IRQHandler
                0x000000000000016e                Reserved20_IRQHandler
                0x0000000000000176                FTFA_IRQHandler
                0x000000000000017e                LVD_LVW_IRQHandler
                0x0000000000000186                LLWU_IRQHandler
                0x000000000000018e                I2C0_IRQHandler
                0x0000000000000196                I2C1_IRQHandler
                0x000000000000019e                SPI0_IRQHandler
                0x00000000000001a6                SPI1_IRQHandler
                0x00000000000001ae                UART0_IRQHandler
                0x00000000000001b6                UART1_IRQHandler
                0x00000000000001be                UART2_IRQHandler
                0x00000000000001c6                ADC0_IRQHandler
                0x00000000000001ce                CMP0_IRQHandler
                0x00000000000001d6                TPM0_IRQHandler
                0x00000000000001de                TPM1_IRQHandler
                0x00000000000001e6                TPM2_IRQHandler
                0x00000000000001ee                RTC_IRQHandler
                0x00000000000001f6                RTC_Seconds_IRQHandler
                0x00000000000001fe                PIT_IRQHandler
                0x0000000000000206                I2S0_IRQHandler
                0x000000000000020e                USB0_IRQHandler
                0x0000000000000216                DAC0_IRQHandler
                0x000000000000021e                TSI0_IRQHandler
                0x0000000000000226                MCG_IRQHandler
                0x000000000000022e                LPTMR0_IRQHandler
                0x0000000000000236                LCD_IRQHandler
                0x000000000000023e                PORTA_IRQHandler
                0x0000000000000246                PORTC_PORTD_IRQHandler
                0x0000000000000400                . = 0x400
 *fill*         0x000000000000024e      0x1b2 ff
                0x0000000000000400                PROVIDE (__FLASH_CONFIG_START__ = .)
 *(SORT_BY_ALIGNMENT(.FlashConfig))
 .FlashConfig   0x0000000000000400       0x10 ./startup/startup_mkl46z4.o
                0x0000000000000400                Flash_Config
                0x0000000000000410                PROVIDE (__FLASH_CONFIG_END__ = .)
                0x0000000000000001                ASSERT (! ((__FLASH_CONFIG_START__ == __FLASH_CONFIG_END__)), Linker Flash Config Support Enabled, but no .FlashConfig section provided within application)
 *(SORT_BY_ALIGNMENT(.text*))
 .text          0x0000000000000410      0x4cc ./source/lab1.s.o
                0x0000000000000410                main
 .text.I2C_TransferCommonIRQHandler
                0x00000000000008dc       0x58 ./drivers/fsl_i2c.o
 .text.I2C0_DriverIRQHandler
                0x0000000000000934       0x20 ./drivers/fsl_i2c.o
                0x0000000000000934                I2C0_DriverIRQHandler
 .text.I2C1_DriverIRQHandler
                0x0000000000000954       0x20 ./drivers/fsl_i2c.o
                0x0000000000000954                I2C1_DriverIRQHandler
 .text.UART0_DriverIRQHandler
                0x0000000000000974       0x24 ./drivers/fsl_lpsci.o
                0x0000000000000974                UART0_DriverIRQHandler
 .text.UART1_DriverIRQHandler
                0x0000000000000998       0x24 ./drivers/fsl_uart.o
                0x0000000000000998                UART1_DriverIRQHandler
 .text.UART2_DriverIRQHandler
                0x00000000000009bc       0x24 ./drivers/fsl_uart.o
                0x00000000000009bc                UART2_DriverIRQHandler
 .text.SystemInit
                0x00000000000009e0       0x1c ./CMSIS/system_MKL46Z4.o
                0x00000000000009e0                SystemInit
 .text._deferredlazyseek
                0x00000000000009fc       0x40 /Applications/MCUXpressoIDE_11.5.0_7232/ide/plugins/com.nxp.mcuxpresso.tools.macosx_11.5.0.202107051138/tools/bin/../lib/gcc/arm-none-eabi/10.3.1/../../../../arm-none-eabi/lib/thumb/v6-m/nofp/libcr_c.a(_deferredlazyseek.o)
                0x00000000000009fc                _deferredlazyseek
 .text._fflush  0x0000000000000a3c       0x60 /Applications/MCUXpressoIDE_11.5.0_7232/ide/plugins/com.nxp.mcuxpresso.tools.macosx_11.5.0.202107051138/tools/bin/../lib/gcc/arm-none-eabi/10.3.1/../../../../arm-none-eabi/lib/thumb/v6-m/nofp/libcr_c.a(_fflush.o)
                0x0000000000000a3c                _fflush
 .text._Cwritebuf
                0x0000000000000a9c       0x68 /Applications/MCUXpressoIDE_11.5.0_7232/ide/plugins/com.nxp.mcuxpresso.tools.macosx_11.5.0.202107051138/tools/bin/../lib/gcc/arm-none-eabi/10.3.1/../../../../arm-none-eabi/lib/thumb/v6-m/nofp/libcr_c.a(_writebuf.o)
                0x0000000000000a9c                _Cwritebuf
 .text.fseek    0x0000000000000b04       0xf0 /Applications/MCUXpressoIDE_11.5.0_7232/ide/plugins/com.nxp.mcuxpresso.tools.macosx_11.5.0.202107051138/tools/bin/../lib/gcc/arm-none-eabi/10.3.1/../../../../arm-none-eabi/lib/thumb/v6-m/nofp/libcr_c.a(fseek.o)
                0x0000000000000b04                fseek
 .text.ftell    0x0000000000000bf4       0x48 /Applications/MCUXpressoIDE_11.5.0_7232/ide/plugins/com.nxp.mcuxpresso.tools.macosx_11.5.0.202107051138/tools/bin/../lib/gcc/arm-none-eabi/10.3.1/../../../../arm-none-eabi/lib/thumb/v6-m/nofp/libcr_c.a(ftell.o)
                0x0000000000000bf4                ftell
 .text._initio  0x0000000000000c3c       0x7c /Applications/MCUXpressoIDE_11.5.0_7232/ide/plugins/com.nxp.mcuxpresso.tools.macosx_11.5.0.202107051138/tools/bin/../lib/gcc/arm-none-eabi/10.3.1/../../../../arm-none-eabi/lib/thumb/v6-m/nofp/libcr_c.a(initio.o)
                0x0000000000000c3c                _initio
 .text.setvbuf  0x0000000000000cb8       0x4c /Applications/MCUXpressoIDE_11.5.0_7232/ide/plugins/com.nxp.mcuxpresso.tools.macosx_11.5.0.202107051138/tools/bin/../lib/gcc/arm-none-eabi/10.3.1/../../../../arm-none-eabi/lib/thumb/v6-m/nofp/libcr_c.a(setvbuf.o)
                0x0000000000000cb8                setvbuf
 .text.strlen   0x0000000000000d04       0x58 /Applications/MCUXpressoIDE_11.5.0_7232/ide/plugins/com.nxp.mcuxpresso.tools.macosx_11.5.0.202107051138/tools/bin/../lib/gcc/arm-none-eabi/10.3.1/../../../../arm-none-eabi/lib/thumb/v6-m/nofp/libcr_c.a(strlen.o)
                0x0000000000000d04                strlen
 .text._fdopen  0x0000000000000d5c       0x74 /Applications/MCUXpressoIDE_11.5.0_7232/ide/plugins/com.nxp.mcuxpresso.tools.macosx_11.5.0.202107051138/tools/bin/../lib/gcc/arm-none-eabi/10.3.1/../../../../arm-none-eabi/lib/thumb/v6-m/nofp/libcr_c.a(_fdopen.o)
                0x0000000000000d5c                _fdopen
 .text.fclose   0x0000000000000dd0       0x5c /Applications/MCUXpressoIDE_11.5.0_7232/ide/plugins/com.nxp.mcuxpresso.tools.macosx_11.5.0.202107051138/tools/bin/../lib/gcc/arm-none-eabi/10.3.1/../../../../arm-none-eabi/lib/thumb/v6-m/nofp/libcr_c.a(fclose.o)
                0x0000000000000dd0                fclose
 .text.fflush   0x0000000000000e2c       0x44 /Applications/MCUXpressoIDE_11.5.0_7232/ide/plugins/com.nxp.mcuxpresso.tools.macosx_11.5.0.202107051138/tools/bin/../lib/gcc/arm-none-eabi/10.3.1/../../../../arm-none-eabi/lib/thumb/v6-m/nofp/libcr_c.a(fflush.o)
                0x0000000000000e2c                fflush
 .text._do_fflush
                0x0000000000000e70       0x48 /Applications/MCUXpressoIDE_11.5.0_7232/ide/plugins/com.nxp.mcuxpresso.tools.macosx_11.5.0.202107051138/tools/bin/../lib/gcc/arm-none-eabi/10.3.1/../../../../arm-none-eabi/lib/thumb/v6-m/nofp/libcr_c.a(_do_fflush.o)
                0x0000000000000e70                _do_fflush
 .text.SystemInitHook
                0x0000000000000eb8        0xa ./CMSIS/system_MKL46Z4.o
                0x0000000000000eb8                SystemInitHook
 .text.__main   0x0000000000000ec2        0xc /Applications/MCUXpressoIDE_11.5.0_7232/ide/plugins/com.nxp.mcuxpresso.tools.macosx_11.5.0.202107051138/tools/bin/../lib/gcc/arm-none-eabi/10.3.1/../../../../arm-none-eabi/lib/thumb/v6-m/nofp/libcr_nohost_nf.a(_cr__main.o)
                0x0000000000000ec2                __main
 .text.memset   0x0000000000000ece        0x8 /Applications/MCUXpressoIDE_11.5.0_7232/ide/plugins/com.nxp.mcuxpresso.tools.macosx_11.5.0.202107051138/tools/bin/../lib/gcc/arm-none-eabi/10.3.1/../../../../arm-none-eabi/lib/thumb/v6-m/nofp/libcr_c.a(memset.o)
                0x0000000000000ece                memset
 .text.free     0x0000000000000ed6       0x2c /Applications/MCUXpressoIDE_11.5.0_7232/ide/plugins/com.nxp.mcuxpresso.tools.macosx_11.5.0.202107051138/tools/bin/../lib/gcc/arm-none-eabi/10.3.1/../../../../arm-none-eabi/lib/thumb/v6-m/nofp/libcr_c.a(alloc.o)
                0x0000000000000ed6                free
 .text.remove   0x0000000000000f02       0x12 /Applications/MCUXpressoIDE_11.5.0_7232/ide/plugins/com.nxp.mcuxpresso.tools.macosx_11.5.0.202107051138/tools/bin/../lib/gcc/arm-none-eabi/10.3.1/../../../../arm-none-eabi/lib/thumb/v6-m/nofp/libcr_c.a(remove.o)
                0x0000000000000f02                remove
 .text.__aeabi_memset_lowlevel
                0x0000000000000f14       0x2a /Applications/MCUXpressoIDE_11.5.0_7232/ide/plugins/com.nxp.mcuxpresso.tools.macosx_11.5.0.202107051138/tools/bin/../lib/gcc/arm-none-eabi/10.3.1/thumb/v6-m/nofp/libcr_eabihelpers.a(memcpy.o)
                0x0000000000000f14                __aeabi_lowlevel_memset
 .text.__sys_close
                0x0000000000000f3e        0x6 /Applications/MCUXpressoIDE_11.5.0_7232/ide/plugins/com.nxp.mcuxpresso.tools.macosx_11.5.0.202107051138/tools/bin/../lib/gcc/arm-none-eabi/10.3.1/../../../../arm-none-eabi/lib/thumb/v6-m/nofp/libcr_nohost_nf.a(__sys_close.o)
                0x0000000000000f3e                __sys_close
 .text.__sys_flen
                0x0000000000000f44        0x6 /Applications/MCUXpressoIDE_11.5.0_7232/ide/plugins/com.nxp.mcuxpresso.tools.macosx_11.5.0.202107051138/tools/bin/../lib/gcc/arm-none-eabi/10.3.1/../../../../arm-none-eabi/lib/thumb/v6-m/nofp/libcr_nohost_nf.a(__sys_flen.o)
                0x0000000000000f44                __sys_flen
 .text.__sys_istty
                0x0000000000000f4a        0x6 /Applications/MCUXpressoIDE_11.5.0_7232/ide/plugins/com.nxp.mcuxpresso.tools.macosx_11.5.0.202107051138/tools/bin/../lib/gcc/arm-none-eabi/10.3.1/../../../../arm-none-eabi/lib/thumb/v6-m/nofp/libcr_nohost_nf.a(__sys_istty.o)
                0x0000000000000f4a                __sys_istty
 .text.__sys_remove
                0x0000000000000f50        0x6 /Applications/MCUXpressoIDE_11.5.0_7232/ide/plugins/com.nxp.mcuxpresso.tools.macosx_11.5.0.202107051138/tools/bin/../lib/gcc/arm-none-eabi/10.3.1/../../../../arm-none-eabi/lib/thumb/v6-m/nofp/libcr_nohost_nf.a(__sys_remove.o)
                0x0000000000000f50                __sys_remove
 .text.__sys_seek
                0x0000000000000f56        0x6 /Applications/MCUXpressoIDE_11.5.0_7232/ide/plugins/com.nxp.mcuxpresso.tools.macosx_11.5.0.202107051138/tools/bin/../lib/gcc/arm-none-eabi/10.3.1/../../../../arm-none-eabi/lib/thumb/v6-m/nofp/libcr_nohost_nf.a(__sys_seek.o)
                0x0000000000000f56                __sys_seek
 .text.__sys_tmpnam
                0x0000000000000f5c        0x6 /Applications/MCUXpressoIDE_11.5.0_7232/ide/plugins/com.nxp.mcuxpresso.tools.macosx_11.5.0.202107051138/tools/bin/../lib/gcc/arm-none-eabi/10.3.1/../../../../arm-none-eabi/lib/thumb/v6-m/nofp/libcr_nohost_nf.a(__sys_tmpnam.o)
                0x0000000000000f5c                __sys_tmpnam
 .text.__sys_write
                0x0000000000000f62        0x4 /Applications/MCUXpressoIDE_11.5.0_7232/ide/plugins/com.nxp.mcuxpresso.tools.macosx_11.5.0.202107051138/tools/bin/../lib/gcc/arm-none-eabi/10.3.1/../../../../arm-none-eabi/lib/thumb/v6-m/nofp/libcr_nohost_nf.a(__sys_write.o)
                0x0000000000000f62                __sys_write
 *(SORT_BY_ALIGNMENT(.rodata) SORT_BY_ALIGNMENT(.rodata.*) SORT_BY_ALIGNMENT(.constdata) SORT_BY_ALIGNMENT(.constdata.*))
 *fill*         0x0000000000000f66        0x2 ff
 .rodata.__num_Ciob_streams
                0x0000000000000f68        0x4 /Applications/MCUXpressoIDE_11.5.0_7232/ide/plugins/com.nxp.mcuxpresso.tools.macosx_11.5.0.202107051138/tools/bin/../lib/gcc/arm-none-eabi/10.3.1/../../../../arm-none-eabi/lib/thumb/v6-m/nofp/libcr_nohost_nf.a(__ciob.o)
                0x0000000000000f68                __num_Ciob_streams
 .rodata._initio.str1.1
                0x0000000000000f6c        0x4 /Applications/MCUXpressoIDE_11.5.0_7232/ide/plugins/com.nxp.mcuxpresso.tools.macosx_11.5.0.202107051138/tools/bin/../lib/gcc/arm-none-eabi/10.3.1/../../../../arm-none-eabi/lib/thumb/v6-m/nofp/libcr_c.a(initio.o)
                0x0000000000000f70                . = ALIGN (0x4)

.glue_7         0x0000000000000f70        0x0
 .glue_7        0x0000000000000f70        0x0 linker stubs

.glue_7t        0x0000000000000f70        0x0
 .glue_7t       0x0000000000000f70        0x0 linker stubs

.vfp11_veneer   0x0000000000000f70        0x0
 .vfp11_veneer  0x0000000000000f70        0x0 linker stubs

.v4_bx          0x0000000000000f70        0x0
 .v4_bx         0x0000000000000f70        0x0 linker stubs

.iplt           0x0000000000000f70        0x0
 .iplt          0x0000000000000f70        0x0 ./startup/startup_mkl46z4.o

.rel.dyn        0x0000000000000f70        0x0
 .rel.iplt      0x0000000000000f70        0x0 ./startup/startup_mkl46z4.o

.ARM.extab
 *(SORT_BY_ALIGNMENT(.ARM.extab*) SORT_BY_ALIGNMENT(.gnu.linkonce.armextab.*))

.ARM.exidx      0x0000000000000f70        0x0
                0x0000000000000f70                __exidx_start = .
 *(SORT_BY_ALIGNMENT(.ARM.exidx*) SORT_BY_ALIGNMENT(.gnu.linkonce.armexidx.*))
                0x0000000000000f70                __exidx_end = .
                0x0000000000000f70                _etext = .

.m_usb_data
 *(SORT_BY_ALIGNMENT(m_usb_bdt))

.mtb_buffer_default
 *(SORT_BY_ALIGNMENT(.mtb*))

.uninit_RESERVED
                0x000000001fffe000        0x0
                0x000000001fffe000                _start_uninit_RESERVED = .
 *(SORT_BY_ALIGNMENT(.bss.$RESERVED*))
                0x000000001fffe000                . = ALIGN (0x4)
                0x000000001fffe000                _end_uninit_RESERVED = .

.data           0x000000001fffe000        0x0 load address 0x0000000000000f70
 FILL mask 0xff
                0x000000001fffe000                _data = .
                [!provide]                        PROVIDE (__start_data_RAM = .)
                [!provide]                        PROVIDE (__start_data_SRAM = .)
 *(SORT_BY_ALIGNMENT(vtable))
 *(SORT_BY_ALIGNMENT(.ramfunc*))
 *(SORT_BY_ALIGNMENT(CodeQuickAccess))
 *(SORT_BY_ALIGNMENT(DataQuickAccess))
 *(SORT_BY_ALIGNMENT(RamFunction))
 *(SORT_BY_ALIGNMENT(.data*))
                0x000000001fffe000                . = ALIGN (0x4)
                0x000000001fffe000                _edata = .
                [!provide]                        PROVIDE (__end_data_RAM = .)
                [!provide]                        PROVIDE (__end_data_SRAM = .)

.igot.plt       0x000000001fffe000        0x0 load address 0x0000000000000f70
 .igot.plt      0x000000001fffe000        0x0 ./startup/startup_mkl46z4.o

.bss            0x000000001fffe000       0xe0
                0x000000001fffe000                _bss = .
                [!provide]                        PROVIDE (__start_bss_RAM = .)
                [!provide]                        PROVIDE (__start_bss_SRAM = .)
 *(SORT_BY_ALIGNMENT(.bss*))
 .bss.s_i2cHandle
                0x000000001fffe000        0x8 ./drivers/fsl_i2c.o
 .bss.s_i2cMasterIsr
                0x000000001fffe008        0x4 ./drivers/fsl_i2c.o
 .bss.s_i2cSlaveIsr
                0x000000001fffe00c        0x4 ./drivers/fsl_i2c.o
 .bss.s_lpsciHandle
                0x000000001fffe010        0x4 ./drivers/fsl_lpsci.o
 .bss.s_lpsciIsr
                0x000000001fffe014        0x4 ./drivers/fsl_lpsci.o
 .bss.s_uartHandle
                0x000000001fffe018        0xc ./drivers/fsl_uart.o
 .bss.s_uartIsr
                0x000000001fffe024        0x4 ./drivers/fsl_uart.o
 .bss.__Ciob    0x000000001fffe028       0xb4 /Applications/MCUXpressoIDE_11.5.0_7232/ide/plugins/com.nxp.mcuxpresso.tools.macosx_11.5.0.202107051138/tools/bin/../lib/gcc/arm-none-eabi/10.3.1/../../../../arm-none-eabi/lib/thumb/v6-m/nofp/libcr_nohost_nf.a(__ciob.o)
                0x000000001fffe028                __Ciob
 .bss.errno     0x000000001fffe0dc        0x4 /Applications/MCUXpressoIDE_11.5.0_7232/ide/plugins/com.nxp.mcuxpresso.tools.macosx_11.5.0.202107051138/tools/bin/../lib/gcc/arm-none-eabi/10.3.1/../../../../arm-none-eabi/lib/thumb/v6-m/nofp/libcr_c.a(errno.o)
                0x000000001fffe0dc                errno
 *(SORT_BY_ALIGNMENT(COMMON))
                0x000000001fffe0e0                . = ALIGN (0x4)
                0x000000001fffe0e0                _ebss = .
                [!provide]                        PROVIDE (__end_bss_RAM = .)
                [!provide]                        PROVIDE (__end_bss_SRAM = .)
                [!provide]                        PROVIDE (end = .)

.noinit         0x000000001fffe0e0        0x0
                0x000000001fffe0e0                _noinit = .
                [!provide]                        PROVIDE (__start_noinit_RAM = .)
                [!provide]                        PROVIDE (__start_noinit_SRAM = .)
 *(SORT_BY_ALIGNMENT(.noinit*))
                0x000000001fffe0e0                . = ALIGN (0x4)
                0x000000001fffe0e0                _end_noinit = .
                [!provide]                        PROVIDE (__end_noinit_RAM = .)
                [!provide]                        PROVIDE (__end_noinit_SRAM = .)
                0x0000000000000800                _HeapSize = 0x800

.heap           0x000000001fffe0e0      0x800
                0x000000001fffe0e0                _pvHeapStart = .
                0x000000001fffe8e0                . = (. + _HeapSize)
 *fill*         0x000000001fffe0e0      0x800 
                0x000000001fffe8e0                . = ALIGN (0x4)
                0x000000001fffe8e0                _pvHeapLimit = .
                0x0000000000000800                _StackSize = 0x800

.heap2stackfill
                0x000000001fffe8e0      0x800
                0x000000001ffff0e0                . = (. + _StackSize)
 *fill*         0x000000001fffe8e0      0x800 

.stack          0x0000000020005800        0x0
                0x0000000020005800                _vStackBase = .
                0x0000000020005800                . = ALIGN (0x4)
                0x0000000020006000                _vStackTop = (. + _StackSize)
                0x0000000000000000                _image_start = LOADADDR (.text)
                0x0000000000000f70                _image_end = (LOADADDR (.data) + SIZEOF (.data))
                0x0000000000000f70                _image_size = (_image_end - _image_start)
OUTPUT(lab1part1.axf elf32-littlearm)
LOAD linker stubs

.debug_info     0x0000000000000000     0x4cd2
 .debug_info    0x0000000000000000      0x4eb ./startup/startup_mkl46z4.o
 .debug_info    0x00000000000004eb       0x26 ./source/lab1.s.o
 .debug_info    0x0000000000000511     0x1aba ./drivers/fsl_i2c.o
 .debug_info    0x0000000000001fcb     0x14ac ./drivers/fsl_lpsci.o
 .debug_info    0x0000000000003477     0x144d ./drivers/fsl_uart.o
 .debug_info    0x00000000000048c4      0x40e ./CMSIS/system_MKL46Z4.o

.debug_abbrev   0x0000000000000000      0xc50
 .debug_abbrev  0x0000000000000000      0x198 ./startup/startup_mkl46z4.o
 .debug_abbrev  0x0000000000000198       0x14 ./source/lab1.s.o
 .debug_abbrev  0x00000000000001ac      0x376 ./drivers/fsl_i2c.o
 .debug_abbrev  0x0000000000000522      0x2f3 ./drivers/fsl_lpsci.o
 .debug_abbrev  0x0000000000000815      0x2f3 ./drivers/fsl_uart.o
 .debug_abbrev  0x0000000000000b08      0x148 ./CMSIS/system_MKL46Z4.o

.debug_aranges  0x0000000000000000      0x570
 .debug_aranges
                0x0000000000000000      0x160 ./startup/startup_mkl46z4.o
 .debug_aranges
                0x0000000000000160       0x20 ./source/lab1.s.o
 .debug_aranges
                0x0000000000000180      0x178 ./drivers/fsl_i2c.o
 .debug_aranges
                0x00000000000002f8      0x118 ./drivers/fsl_lpsci.o
 .debug_aranges
                0x0000000000000410      0x130 ./drivers/fsl_uart.o
 .debug_aranges
                0x0000000000000540       0x30 ./CMSIS/system_MKL46Z4.o

.debug_ranges   0x0000000000000000      0x500
 .debug_ranges  0x0000000000000000      0x150 ./startup/startup_mkl46z4.o
 .debug_ranges  0x0000000000000150      0x168 ./drivers/fsl_i2c.o
 .debug_ranges  0x00000000000002b8      0x108 ./drivers/fsl_lpsci.o
 .debug_ranges  0x00000000000003c0      0x120 ./drivers/fsl_uart.o
 .debug_ranges  0x00000000000004e0       0x20 ./CMSIS/system_MKL46Z4.o

.debug_macro    0x0000000000000000      0x3f3
 .debug_macro   0x0000000000000000       0x29 ./startup/startup_mkl46z4.o
 .debug_macro   0x0000000000000029      0x107 ./drivers/fsl_i2c.o
 .debug_macro   0x0000000000000130       0x16 ./drivers/fsl_i2c.o
 .debug_macro   0x0000000000000146      0x108 ./drivers/fsl_lpsci.o
 .debug_macro   0x000000000000024e      0x10e ./drivers/fsl_uart.o
 .debug_macro   0x000000000000035c       0x97 ./CMSIS/system_MKL46Z4.o

.debug_line     0x0000000000000000     0x3694
 .debug_line    0x0000000000000000      0x1ed ./startup/startup_mkl46z4.o
 .debug_line    0x00000000000001ed      0x1d0 ./source/lab1.s.o
 .debug_line    0x00000000000003bd     0x13c1 ./drivers/fsl_i2c.o
 .debug_line    0x000000000000177e      0xdd6 ./drivers/fsl_lpsci.o
 .debug_line    0x0000000000002554      0xde1 ./drivers/fsl_uart.o
 .debug_line    0x0000000000003335      0x35f ./CMSIS/system_MKL46Z4.o

.debug_str      0x0000000000000000    0x4d255
 .debug_str     0x0000000000000000     0x30aa ./startup/startup_mkl46z4.o
                                       0x30cf (size before relaxing)
 .debug_str     0x00000000000030aa       0x21 ./source/lab1.s.o
                                         0x72 (size before relaxing)
 .debug_str     0x00000000000030cb    0x48b28 ./drivers/fsl_i2c.o
                                      0x4ba53 (size before relaxing)
 .debug_str     0x000000000004bbf3      0xb20 ./drivers/fsl_lpsci.o
                                      0x4b8d6 (size before relaxing)
 .debug_str     0x000000000004c713      0x9e9 ./drivers/fsl_uart.o
                                      0x4b8f3 (size before relaxing)
 .debug_str     0x000000000004d0fc      0x159 ./CMSIS/system_MKL46Z4.o
                                      0x4972b (size before relaxing)

.comment        0x0000000000000000       0x49
 .comment       0x0000000000000000       0x49 ./startup/startup_mkl46z4.o
                                         0x4a (size before relaxing)
 .comment       0x0000000000000049       0x4a ./drivers/fsl_i2c.o
 .comment       0x0000000000000049       0x4a ./drivers/fsl_lpsci.o
 .comment       0x0000000000000049       0x4a ./drivers/fsl_uart.o
 .comment       0x0000000000000049       0x4a ./CMSIS/system_MKL46Z4.o
 .comment       0x0000000000000049       0x4a /Applications/MCUXpressoIDE_11.5.0_7232/ide/plugins/com.nxp.mcuxpresso.tools.macosx_11.5.0.202107051138/tools/bin/../lib/gcc/arm-none-eabi/10.3.1/../../../../arm-none-eabi/lib/thumb/v6-m/nofp/libcr_nohost_nf.a(_cr__main.o)
 .comment       0x0000000000000049       0x4a /Applications/MCUXpressoIDE_11.5.0_7232/ide/plugins/com.nxp.mcuxpresso.tools.macosx_11.5.0.202107051138/tools/bin/../lib/gcc/arm-none-eabi/10.3.1/../../../../arm-none-eabi/lib/thumb/v6-m/nofp/libcr_nohost_nf.a(__ciob.o)
 .comment       0x0000000000000049       0x4a /Applications/MCUXpressoIDE_11.5.0_7232/ide/plugins/com.nxp.mcuxpresso.tools.macosx_11.5.0.202107051138/tools/bin/../lib/gcc/arm-none-eabi/10.3.1/../../../../arm-none-eabi/lib/thumb/v6-m/nofp/libcr_c.a(memset.o)
 .comment       0x0000000000000049       0x4a /Applications/MCUXpressoIDE_11.5.0_7232/ide/plugins/com.nxp.mcuxpresso.tools.macosx_11.5.0.202107051138/tools/bin/../lib/gcc/arm-none-eabi/10.3.1/../../../../arm-none-eabi/lib/thumb/v6-m/nofp/libcr_c.a(_deferredlazyseek.o)
 .comment       0x0000000000000049       0x4a /Applications/MCUXpressoIDE_11.5.0_7232/ide/plugins/com.nxp.mcuxpresso.tools.macosx_11.5.0.202107051138/tools/bin/../lib/gcc/arm-none-eabi/10.3.1/../../../../arm-none-eabi/lib/thumb/v6-m/nofp/libcr_c.a(_fflush.o)
 .comment       0x0000000000000049       0x4a /Applications/MCUXpressoIDE_11.5.0_7232/ide/plugins/com.nxp.mcuxpresso.tools.macosx_11.5.0.202107051138/tools/bin/../lib/gcc/arm-none-eabi/10.3.1/../../../../arm-none-eabi/lib/thumb/v6-m/nofp/libcr_c.a(_writebuf.o)
 .comment       0x0000000000000049       0x4a /Applications/MCUXpressoIDE_11.5.0_7232/ide/plugins/com.nxp.mcuxpresso.tools.macosx_11.5.0.202107051138/tools/bin/../lib/gcc/arm-none-eabi/10.3.1/../../../../arm-none-eabi/lib/thumb/v6-m/nofp/libcr_c.a(alloc.o)
 .comment       0x0000000000000049       0x4a /Applications/MCUXpressoIDE_11.5.0_7232/ide/plugins/com.nxp.mcuxpresso.tools.macosx_11.5.0.202107051138/tools/bin/../lib/gcc/arm-none-eabi/10.3.1/../../../../arm-none-eabi/lib/thumb/v6-m/nofp/libcr_c.a(fseek.o)
 .comment       0x0000000000000049       0x4a /Applications/MCUXpressoIDE_11.5.0_7232/ide/plugins/com.nxp.mcuxpresso.tools.macosx_11.5.0.202107051138/tools/bin/../lib/gcc/arm-none-eabi/10.3.1/../../../../arm-none-eabi/lib/thumb/v6-m/nofp/libcr_c.a(ftell.o)
 .comment       0x0000000000000049       0x4a /Applications/MCUXpressoIDE_11.5.0_7232/ide/plugins/com.nxp.mcuxpresso.tools.macosx_11.5.0.202107051138/tools/bin/../lib/gcc/arm-none-eabi/10.3.1/../../../../arm-none-eabi/lib/thumb/v6-m/nofp/libcr_c.a(initio.o)
 .comment       0x0000000000000049       0x4a /Applications/MCUXpressoIDE_11.5.0_7232/ide/plugins/com.nxp.mcuxpresso.tools.macosx_11.5.0.202107051138/tools/bin/../lib/gcc/arm-none-eabi/10.3.1/../../../../arm-none-eabi/lib/thumb/v6-m/nofp/libcr_c.a(setvbuf.o)
 .comment       0x0000000000000049       0x4a /Applications/MCUXpressoIDE_11.5.0_7232/ide/plugins/com.nxp.mcuxpresso.tools.macosx_11.5.0.202107051138/tools/bin/../lib/gcc/arm-none-eabi/10.3.1/../../../../arm-none-eabi/lib/thumb/v6-m/nofp/libcr_c.a(strlen.o)
 .comment       0x0000000000000049       0x4a /Applications/MCUXpressoIDE_11.5.0_7232/ide/plugins/com.nxp.mcuxpresso.tools.macosx_11.5.0.202107051138/tools/bin/../lib/gcc/arm-none-eabi/10.3.1/../../../../arm-none-eabi/lib/thumb/v6-m/nofp/libcr_c.a(_fdopen.o)
 .comment       0x0000000000000049       0x4a /Applications/MCUXpressoIDE_11.5.0_7232/ide/plugins/com.nxp.mcuxpresso.tools.macosx_11.5.0.202107051138/tools/bin/../lib/gcc/arm-none-eabi/10.3.1/../../../../arm-none-eabi/lib/thumb/v6-m/nofp/libcr_c.a(errno.o)
 .comment       0x0000000000000049       0x4a /Applications/MCUXpressoIDE_11.5.0_7232/ide/plugins/com.nxp.mcuxpresso.tools.macosx_11.5.0.202107051138/tools/bin/../lib/gcc/arm-none-eabi/10.3.1/../../../../arm-none-eabi/lib/thumb/v6-m/nofp/libcr_c.a(fclose.o)
 .comment       0x0000000000000049       0x4a /Applications/MCUXpressoIDE_11.5.0_7232/ide/plugins/com.nxp.mcuxpresso.tools.macosx_11.5.0.202107051138/tools/bin/../lib/gcc/arm-none-eabi/10.3.1/../../../../arm-none-eabi/lib/thumb/v6-m/nofp/libcr_c.a(fflush.o)
 .comment       0x0000000000000049       0x4a /Applications/MCUXpressoIDE_11.5.0_7232/ide/plugins/com.nxp.mcuxpresso.tools.macosx_11.5.0.202107051138/tools/bin/../lib/gcc/arm-none-eabi/10.3.1/../../../../arm-none-eabi/lib/thumb/v6-m/nofp/libcr_c.a(remove.o)
 .comment       0x0000000000000049       0x4a /Applications/MCUXpressoIDE_11.5.0_7232/ide/plugins/com.nxp.mcuxpresso.tools.macosx_11.5.0.202107051138/tools/bin/../lib/gcc/arm-none-eabi/10.3.1/../../../../arm-none-eabi/lib/thumb/v6-m/nofp/libcr_c.a(_do_fflush.o)
 .comment       0x0000000000000049       0x4a /Applications/MCUXpressoIDE_11.5.0_7232/ide/plugins/com.nxp.mcuxpresso.tools.macosx_11.5.0.202107051138/tools/bin/../lib/gcc/arm-none-eabi/10.3.1/../../../../arm-none-eabi/lib/thumb/v6-m/nofp/libcr_nohost_nf.a(__sys_close.o)
 .comment       0x0000000000000049       0x4a /Applications/MCUXpressoIDE_11.5.0_7232/ide/plugins/com.nxp.mcuxpresso.tools.macosx_11.5.0.202107051138/tools/bin/../lib/gcc/arm-none-eabi/10.3.1/../../../../arm-none-eabi/lib/thumb/v6-m/nofp/libcr_nohost_nf.a(__sys_flen.o)
 .comment       0x0000000000000049       0x4a /Applications/MCUXpressoIDE_11.5.0_7232/ide/plugins/com.nxp.mcuxpresso.tools.macosx_11.5.0.202107051138/tools/bin/../lib/gcc/arm-none-eabi/10.3.1/../../../../arm-none-eabi/lib/thumb/v6-m/nofp/libcr_nohost_nf.a(__sys_istty.o)
 .comment       0x0000000000000049       0x4a /Applications/MCUXpressoIDE_11.5.0_7232/ide/plugins/com.nxp.mcuxpresso.tools.macosx_11.5.0.202107051138/tools/bin/../lib/gcc/arm-none-eabi/10.3.1/../../../../arm-none-eabi/lib/thumb/v6-m/nofp/libcr_nohost_nf.a(__sys_remove.o)
 .comment       0x0000000000000049       0x4a /Applications/MCUXpressoIDE_11.5.0_7232/ide/plugins/com.nxp.mcuxpresso.tools.macosx_11.5.0.202107051138/tools/bin/../lib/gcc/arm-none-eabi/10.3.1/../../../../arm-none-eabi/lib/thumb/v6-m/nofp/libcr_nohost_nf.a(__sys_seek.o)
 .comment       0x0000000000000049       0x4a /Applications/MCUXpressoIDE_11.5.0_7232/ide/plugins/com.nxp.mcuxpresso.tools.macosx_11.5.0.202107051138/tools/bin/../lib/gcc/arm-none-eabi/10.3.1/../../../../arm-none-eabi/lib/thumb/v6-m/nofp/libcr_nohost_nf.a(__sys_tmpnam.o)
 .comment       0x0000000000000049       0x4a /Applications/MCUXpressoIDE_11.5.0_7232/ide/plugins/com.nxp.mcuxpresso.tools.macosx_11.5.0.202107051138/tools/bin/../lib/gcc/arm-none-eabi/10.3.1/../../../../arm-none-eabi/lib/thumb/v6-m/nofp/libcr_nohost_nf.a(__sys_write.o)

.ARM.attributes
                0x0000000000000000       0x2a
 .ARM.attributes
                0x0000000000000000       0x2c ./startup/startup_mkl46z4.o
 .ARM.attributes
                0x000000000000002c       0x1c ./source/lab1.s.o
 .ARM.attributes
                0x0000000000000048       0x2c ./drivers/fsl_i2c.o
 .ARM.attributes
                0x0000000000000074       0x2c ./drivers/fsl_lpsci.o
 .ARM.attributes
                0x00000000000000a0       0x2c ./drivers/fsl_uart.o
 .ARM.attributes
                0x00000000000000cc       0x2c ./CMSIS/system_MKL46Z4.o
 .ARM.attributes
                0x00000000000000f8       0x2c /Applications/MCUXpressoIDE_11.5.0_7232/ide/plugins/com.nxp.mcuxpresso.tools.macosx_11.5.0.202107051138/tools/bin/../lib/gcc/arm-none-eabi/10.3.1/../../../../arm-none-eabi/lib/thumb/v6-m/nofp/libcr_nohost_nf.a(_cr__main.o)
 .ARM.attributes
                0x0000000000000124       0x31 /Applications/MCUXpressoIDE_11.5.0_7232/ide/plugins/com.nxp.mcuxpresso.tools.macosx_11.5.0.202107051138/tools/bin/../lib/gcc/arm-none-eabi/10.3.1/../../../../arm-none-eabi/lib/thumb/v6-m/nofp/libcr_nohost_nf.a(__ciob.o)
 .ARM.attributes
                0x0000000000000155       0x2c /Applications/MCUXpressoIDE_11.5.0_7232/ide/plugins/com.nxp.mcuxpresso.tools.macosx_11.5.0.202107051138/tools/bin/../lib/gcc/arm-none-eabi/10.3.1/../../../../arm-none-eabi/lib/thumb/v6-m/nofp/libcr_c.a(memset.o)
 .ARM.attributes
                0x0000000000000181       0x2c /Applications/MCUXpressoIDE_11.5.0_7232/ide/plugins/com.nxp.mcuxpresso.tools.macosx_11.5.0.202107051138/tools/bin/../lib/gcc/arm-none-eabi/10.3.1/../../../../arm-none-eabi/lib/thumb/v6-m/nofp/libcr_c.a(_deferredlazyseek.o)
 .ARM.attributes
                0x00000000000001ad       0x2c /Applications/MCUXpressoIDE_11.5.0_7232/ide/plugins/com.nxp.mcuxpresso.tools.macosx_11.5.0.202107051138/tools/bin/../lib/gcc/arm-none-eabi/10.3.1/../../../../arm-none-eabi/lib/thumb/v6-m/nofp/libcr_c.a(_fflush.o)
 .ARM.attributes
                0x00000000000001d9       0x2c /Applications/MCUXpressoIDE_11.5.0_7232/ide/plugins/com.nxp.mcuxpresso.tools.macosx_11.5.0.202107051138/tools/bin/../lib/gcc/arm-none-eabi/10.3.1/../../../../arm-none-eabi/lib/thumb/v6-m/nofp/libcr_c.a(_writebuf.o)
 .ARM.attributes
                0x0000000000000205       0x2c /Applications/MCUXpressoIDE_11.5.0_7232/ide/plugins/com.nxp.mcuxpresso.tools.macosx_11.5.0.202107051138/tools/bin/../lib/gcc/arm-none-eabi/10.3.1/../../../../arm-none-eabi/lib/thumb/v6-m/nofp/libcr_c.a(alloc.o)
 .ARM.attributes
                0x0000000000000231       0x2c /Applications/MCUXpressoIDE_11.5.0_7232/ide/plugins/com.nxp.mcuxpresso.tools.macosx_11.5.0.202107051138/tools/bin/../lib/gcc/arm-none-eabi/10.3.1/../../../../arm-none-eabi/lib/thumb/v6-m/nofp/libcr_c.a(fseek.o)
 .ARM.attributes
                0x000000000000025d       0x2c /Applications/MCUXpressoIDE_11.5.0_7232/ide/plugins/com.nxp.mcuxpresso.tools.macosx_11.5.0.202107051138/tools/bin/../lib/gcc/arm-none-eabi/10.3.1/../../../../arm-none-eabi/lib/thumb/v6-m/nofp/libcr_c.a(ftell.o)
 .ARM.attributes
                0x0000000000000289       0x2c /Applications/MCUXpressoIDE_11.5.0_7232/ide/plugins/com.nxp.mcuxpresso.tools.macosx_11.5.0.202107051138/tools/bin/../lib/gcc/arm-none-eabi/10.3.1/../../../../arm-none-eabi/lib/thumb/v6-m/nofp/libcr_c.a(initio.o)
 .ARM.attributes
                0x00000000000002b5       0x2c /Applications/MCUXpressoIDE_11.5.0_7232/ide/plugins/com.nxp.mcuxpresso.tools.macosx_11.5.0.202107051138/tools/bin/../lib/gcc/arm-none-eabi/10.3.1/../../../../arm-none-eabi/lib/thumb/v6-m/nofp/libcr_c.a(setvbuf.o)
 .ARM.attributes
                0x00000000000002e1       0x2c /Applications/MCUXpressoIDE_11.5.0_7232/ide/plugins/com.nxp.mcuxpresso.tools.macosx_11.5.0.202107051138/tools/bin/../lib/gcc/arm-none-eabi/10.3.1/../../../../arm-none-eabi/lib/thumb/v6-m/nofp/libcr_c.a(strlen.o)
 .ARM.attributes
                0x000000000000030d       0x2c /Applications/MCUXpressoIDE_11.5.0_7232/ide/plugins/com.nxp.mcuxpresso.tools.macosx_11.5.0.202107051138/tools/bin/../lib/gcc/arm-none-eabi/10.3.1/../../../../arm-none-eabi/lib/thumb/v6-m/nofp/libcr_c.a(_fdopen.o)
 .ARM.attributes
                0x0000000000000339       0x31 /Applications/MCUXpressoIDE_11.5.0_7232/ide/plugins/com.nxp.mcuxpresso.tools.macosx_11.5.0.202107051138/tools/bin/../lib/gcc/arm-none-eabi/10.3.1/../../../../arm-none-eabi/lib/thumb/v6-m/nofp/libcr_c.a(errno.o)
 .ARM.attributes
                0x000000000000036a       0x2c /Applications/MCUXpressoIDE_11.5.0_7232/ide/plugins/com.nxp.mcuxpresso.tools.macosx_11.5.0.202107051138/tools/bin/../lib/gcc/arm-none-eabi/10.3.1/../../../../arm-none-eabi/lib/thumb/v6-m/nofp/libcr_c.a(fclose.o)
 .ARM.attributes
                0x0000000000000396       0x2c /Applications/MCUXpressoIDE_11.5.0_7232/ide/plugins/com.nxp.mcuxpresso.tools.macosx_11.5.0.202107051138/tools/bin/../lib/gcc/arm-none-eabi/10.3.1/../../../../arm-none-eabi/lib/thumb/v6-m/nofp/libcr_c.a(fflush.o)
 .ARM.attributes
                0x00000000000003c2       0x2c /Applications/MCUXpressoIDE_11.5.0_7232/ide/plugins/com.nxp.mcuxpresso.tools.macosx_11.5.0.202107051138/tools/bin/../lib/gcc/arm-none-eabi/10.3.1/../../../../arm-none-eabi/lib/thumb/v6-m/nofp/libcr_c.a(remove.o)
 .ARM.attributes
                0x00000000000003ee       0x2c /Applications/MCUXpressoIDE_11.5.0_7232/ide/plugins/com.nxp.mcuxpresso.tools.macosx_11.5.0.202107051138/tools/bin/../lib/gcc/arm-none-eabi/10.3.1/../../../../arm-none-eabi/lib/thumb/v6-m/nofp/libcr_c.a(_do_fflush.o)
 .ARM.attributes
                0x000000000000041a       0x1c /Applications/MCUXpressoIDE_11.5.0_7232/ide/plugins/com.nxp.mcuxpresso.tools.macosx_11.5.0.202107051138/tools/bin/../lib/gcc/arm-none-eabi/10.3.1/thumb/v6-m/nofp/libcr_eabihelpers.a(memcpy.o)
 .ARM.attributes
                0x0000000000000436       0x2c /Applications/MCUXpressoIDE_11.5.0_7232/ide/plugins/com.nxp.mcuxpresso.tools.macosx_11.5.0.202107051138/tools/bin/../lib/gcc/arm-none-eabi/10.3.1/../../../../arm-none-eabi/lib/thumb/v6-m/nofp/libcr_nohost_nf.a(__sys_close.o)
 .ARM.attributes
                0x0000000000000462       0x2c /Applications/MCUXpressoIDE_11.5.0_7232/ide/plugins/com.nxp.mcuxpresso.tools.macosx_11.5.0.202107051138/tools/bin/../lib/gcc/arm-none-eabi/10.3.1/../../../../arm-none-eabi/lib/thumb/v6-m/nofp/libcr_nohost_nf.a(__sys_flen.o)
 .ARM.attributes
                0x000000000000048e       0x2c /Applications/MCUXpressoIDE_11.5.0_7232/ide/plugins/com.nxp.mcuxpresso.tools.macosx_11.5.0.202107051138/tools/bin/../lib/gcc/arm-none-eabi/10.3.1/../../../../arm-none-eabi/lib/thumb/v6-m/nofp/libcr_nohost_nf.a(__sys_istty.o)
 .ARM.attributes
                0x00000000000004ba       0x2c /Applications/MCUXpressoIDE_11.5.0_7232/ide/plugins/com.nxp.mcuxpresso.tools.macosx_11.5.0.202107051138/tools/bin/../lib/gcc/arm-none-eabi/10.3.1/../../../../arm-none-eabi/lib/thumb/v6-m/nofp/libcr_nohost_nf.a(__sys_remove.o)
 .ARM.attributes
                0x00000000000004e6       0x2c /Applications/MCUXpressoIDE_11.5.0_7232/ide/plugins/com.nxp.mcuxpresso.tools.macosx_11.5.0.202107051138/tools/bin/../lib/gcc/arm-none-eabi/10.3.1/../../../../arm-none-eabi/lib/thumb/v6-m/nofp/libcr_nohost_nf.a(__sys_seek.o)
 .ARM.attributes
                0x0000000000000512       0x2c /Applications/MCUXpressoIDE_11.5.0_7232/ide/plugins/com.nxp.mcuxpresso.tools.macosx_11.5.0.202107051138/tools/bin/../lib/gcc/arm-none-eabi/10.3.1/../../../../arm-none-eabi/lib/thumb/v6-m/nofp/libcr_nohost_nf.a(__sys_tmpnam.o)
 .ARM.attributes
                0x000000000000053e       0x2c /Applications/MCUXpressoIDE_11.5.0_7232/ide/plugins/com.nxp.mcuxpresso.tools.macosx_11.5.0.202107051138/tools/bin/../lib/gcc/arm-none-eabi/10.3.1/../../../../arm-none-eabi/lib/thumb/v6-m/nofp/libcr_nohost_nf.a(__sys_write.o)

.debug_frame    0x0000000000000000     0x121c
 .debug_frame   0x0000000000000000      0x3b0 ./startup/startup_mkl46z4.o
 .debug_frame   0x00000000000003b0      0x58c ./drivers/fsl_i2c.o
 .debug_frame   0x000000000000093c      0x414 ./drivers/fsl_lpsci.o
 .debug_frame   0x0000000000000d50      0x464 ./drivers/fsl_uart.o
 .debug_frame   0x00000000000011b4       0x68 ./CMSIS/system_MKL46Z4.o

Cross Reference Table

Symbol                                            File
ADC0_DriverIRQHandler                             ./startup/startup_mkl46z4.o
ADC0_IRQHandler                                   ./startup/startup_mkl46z4.o
BOARD_ACCEL_I2C_config                            ./board/peripherals.o
BOARD_ACCEL_I2C_init                              ./board/peripherals.o
BOARD_BootClockRUN                                ./board/clock_config.o
BOARD_BootClockVLPR                               ./board/clock_config.o
BOARD_INT1_init                                   ./board/peripherals.o
BOARD_INT2_init                                   ./board/peripherals.o
BOARD_InitACCEL                                   ./board/pin_mux.o
BOARD_InitACCELPeripheral                         ./board/peripherals.o
BOARD_InitBootClocks                              ./board/clock_config.o
BOARD_InitBootPeripherals                         ./board/peripherals.o
BOARD_InitBootPins                                ./board/pin_mux.o
BOARD_InitButtons                                 ./board/pin_mux.o
BOARD_InitButtonsPeripheral                       ./board/peripherals.o
BOARD_InitDEBUG_UART                              ./board/pin_mux.o
BOARD_InitDEBUG_UARTPeripheral                    ./board/peripherals.o
BOARD_InitDebugConsole                            ./board/board.o
BOARD_InitLEDs                                    ./board/pin_mux.o
BOARD_InitLEDsPeripheral                          ./board/peripherals.o
BOARD_InitMAG                                     ./board/pin_mux.o
BOARD_InitMAGPeripheral                           ./board/peripherals.o
BOARD_InitOSC                                     ./board/pin_mux.o
BOARD_InitPeripherals                             ./board/peripherals.o
BOARD_InitPins                                    ./board/pin_mux.o
BOARD_InitSegment_LCD                             ./board/pin_mux.o
BOARD_InitTouch                                   ./board/pin_mux.o
BOARD_InitUSB                                     ./board/pin_mux.o
BOARD_LED_GREEN_init                              ./board/peripherals.o
BOARD_LED_RED_init                                ./board/peripherals.o
BOARD_LPSCI_1_config                              ./board/peripherals.o
BOARD_LPSCI_1_init                                ./board/peripherals.o
BOARD_SW1_SW3_init                                ./board/peripherals.o
CLOCK_BootToBlpeMode                              ./drivers/fsl_clock.o
CLOCK_BootToBlpiMode                              ./drivers/fsl_clock.o
                                                  ./board/clock_config.o
CLOCK_BootToFeeMode                               ./drivers/fsl_clock.o
CLOCK_BootToFeiMode                               ./drivers/fsl_clock.o
                                                  ./board/clock_config.o
CLOCK_BootToPeeMode                               ./drivers/fsl_clock.o
CLOCK_CalcPllDiv                                  ./drivers/fsl_clock.o
CLOCK_ClearStatusFlags                            ./drivers/fsl_clock.o
CLOCK_DeinitOsc0                                  ./drivers/fsl_clock.o
CLOCK_EnablePll0                                  ./drivers/fsl_clock.o
CLOCK_EnableUsbfs0Clock                           ./drivers/fsl_clock.o
CLOCK_ExternalModeToFbeModeQuick                  ./drivers/fsl_clock.o
CLOCK_GetBusClkFreq                               ./drivers/fsl_clock.o
CLOCK_GetCoreSysClkFreq                           ./drivers/fsl_clock.o
CLOCK_GetEr32kClkFreq                             ./drivers/fsl_clock.o
CLOCK_GetFixedFreqClkFreq                         ./drivers/fsl_clock.o
CLOCK_GetFlashClkFreq                             ./drivers/fsl_clock.o
CLOCK_GetFllFreq                                  ./drivers/fsl_clock.o
CLOCK_GetFreq                                     ./drivers/fsl_clock.o
                                                  ./board/peripherals.o
CLOCK_GetInternalRefClkFreq                       ./drivers/fsl_clock.o
CLOCK_GetMode                                     ./drivers/fsl_clock.o
CLOCK_GetOsc0ErClkFreq                            ./drivers/fsl_clock.o
CLOCK_GetOutClkFreq                               ./drivers/fsl_clock.o
CLOCK_GetPlatClkFreq                              ./drivers/fsl_clock.o
CLOCK_GetPll0Freq                                 ./drivers/fsl_clock.o
CLOCK_GetPllFllSelClkFreq                         ./drivers/fsl_clock.o
                                                  ./board/board.o
CLOCK_GetStatusFlags                              ./drivers/fsl_clock.o
CLOCK_InitOsc0                                    ./drivers/fsl_clock.o
CLOCK_InternalModeToFbiModeQuick                  ./drivers/fsl_clock.o
CLOCK_SetBlpeMode                                 ./drivers/fsl_clock.o
CLOCK_SetBlpiMode                                 ./drivers/fsl_clock.o
CLOCK_SetExternalRefClkConfig                     ./drivers/fsl_clock.o
CLOCK_SetFbeMode                                  ./drivers/fsl_clock.o
CLOCK_SetFbiMode                                  ./drivers/fsl_clock.o
CLOCK_SetFeeMode                                  ./drivers/fsl_clock.o
CLOCK_SetFeiMode                                  ./drivers/fsl_clock.o
CLOCK_SetInternalRefClkConfig                     ./drivers/fsl_clock.o
                                                  ./board/clock_config.o
CLOCK_SetMcgConfig                                ./drivers/fsl_clock.o
CLOCK_SetOsc0MonitorMode                          ./drivers/fsl_clock.o
CLOCK_SetPbeMode                                  ./drivers/fsl_clock.o
CLOCK_SetPeeMode                                  ./drivers/fsl_clock.o
CLOCK_SetPll0MonitorMode                          ./drivers/fsl_clock.o
CLOCK_SetSimConfig                                ./drivers/fsl_clock.o
                                                  ./board/clock_config.o
CLOCK_TrimInternalRefClk                          ./drivers/fsl_clock.o
CMP0_DriverIRQHandler                             ./startup/startup_mkl46z4.o
CMP0_IRQHandler                                   ./startup/startup_mkl46z4.o
DAC0_DriverIRQHandler                             ./startup/startup_mkl46z4.o
DAC0_IRQHandler                                   ./startup/startup_mkl46z4.o
DMA0_DriverIRQHandler                             ./startup/startup_mkl46z4.o
DMA0_IRQHandler                                   ./startup/startup_mkl46z4.o
DMA1_DriverIRQHandler                             ./startup/startup_mkl46z4.o
DMA1_IRQHandler                                   ./startup/startup_mkl46z4.o
DMA2_DriverIRQHandler                             ./startup/startup_mkl46z4.o
DMA2_IRQHandler                                   ./startup/startup_mkl46z4.o
DMA3_DriverIRQHandler                             ./startup/startup_mkl46z4.o
DMA3_IRQHandler                                   ./startup/startup_mkl46z4.o
DbgConsole_Deinit                                 ./utilities/fsl_debug_console.o
DbgConsole_Flush                                  ./utilities/fsl_debug_console.o
DbgConsole_Getchar                                ./utilities/fsl_debug_console.o
DbgConsole_Init                                   ./utilities/fsl_debug_console.o
                                                  ./board/board.o
DbgConsole_Printf                                 ./utilities/fsl_debug_console.o
DbgConsole_Putchar                                ./utilities/fsl_debug_console.o
DbgConsole_Scanf                                  ./utilities/fsl_debug_console.o
FGPIO_PinInit                                     ./drivers/fsl_gpio.o
FGPIO_PortClearInterruptFlags                     ./drivers/fsl_gpio.o
FGPIO_PortGetInterruptFlags                       ./drivers/fsl_gpio.o
FLASH_Erase                                       ./drivers/fsl_ftfx_flash.o
FLASH_EraseAll                                    ./drivers/fsl_ftfx_flash.o
FLASH_GetProperty                                 ./drivers/fsl_ftfx_flash.o
FLASH_GetSecurityState                            ./drivers/fsl_ftfx_flash.o
FLASH_Init                                        ./drivers/fsl_ftfx_flash.o
FLASH_IsExecuteOnly                               ./drivers/fsl_ftfx_flash.o
FLASH_IsProtected                                 ./drivers/fsl_ftfx_flash.o
FLASH_PflashGetProtection                         ./drivers/fsl_ftfx_flash.o
FLASH_PflashSetProtection                         ./drivers/fsl_ftfx_flash.o
FLASH_Program                                     ./drivers/fsl_ftfx_flash.o
FLASH_ReadResource                                ./drivers/fsl_ftfx_flash.o
FLASH_SecurityBypass                              ./drivers/fsl_ftfx_flash.o
FLASH_VerifyErase                                 ./drivers/fsl_ftfx_flash.o
FLASH_VerifyEraseAll                              ./drivers/fsl_ftfx_flash.o
FLASH_VerifyProgram                               ./drivers/fsl_ftfx_flash.o
FTFA_DriverIRQHandler                             ./startup/startup_mkl46z4.o
FTFA_IRQHandler                                   ./startup/startup_mkl46z4.o
FTFx_API_Init                                     ./drivers/fsl_ftfx_controller.o
                                                  ./drivers/fsl_ftfx_flash.o
FTFx_CACHE_ClearCachePrefetchSpeculation          ./drivers/fsl_ftfx_cache.o
FTFx_CACHE_Init                                   ./drivers/fsl_ftfx_cache.o
FTFx_CACHE_PflashGetPrefetchSpeculation           ./drivers/fsl_ftfx_cache.o
FTFx_CACHE_PflashSetPrefetchSpeculation           ./drivers/fsl_ftfx_cache.o
                                                  ./drivers/fsl_smc.o
FTFx_CMD_Erase                                    ./drivers/fsl_ftfx_controller.o
                                                  ./drivers/fsl_ftfx_flash.o
FTFx_CMD_EraseAll                                 ./drivers/fsl_ftfx_controller.o
                                                  ./drivers/fsl_ftfx_flash.o
FTFx_CMD_EraseAllExecuteOnlySegments              ./drivers/fsl_ftfx_controller.o
FTFx_CMD_Program                                  ./drivers/fsl_ftfx_controller.o
                                                  ./drivers/fsl_ftfx_flash.o
FTFx_CMD_ProgramOnce                              ./drivers/fsl_ftfx_controller.o
FTFx_CMD_ReadOnce                                 ./drivers/fsl_ftfx_controller.o
FTFx_CMD_ReadResource                             ./drivers/fsl_ftfx_controller.o
                                                  ./drivers/fsl_ftfx_flash.o
FTFx_CMD_SecurityBypass                           ./drivers/fsl_ftfx_controller.o
                                                  ./drivers/fsl_ftfx_flash.o
FTFx_CMD_VerifyErase                              ./drivers/fsl_ftfx_controller.o
                                                  ./drivers/fsl_ftfx_flash.o
FTFx_CMD_VerifyEraseAll                           ./drivers/fsl_ftfx_controller.o
                                                  ./drivers/fsl_ftfx_flash.o
FTFx_CMD_VerifyEraseAllExecuteOnlySegments        ./drivers/fsl_ftfx_controller.o
FTFx_CMD_VerifyProgram                            ./drivers/fsl_ftfx_controller.o
                                                  ./drivers/fsl_ftfx_flash.o
FTFx_REG_GetSecurityState                         ./drivers/fsl_ftfx_controller.o
                                                  ./drivers/fsl_ftfx_flash.o
Flash_Config                                      ./startup/startup_mkl46z4.o
GPIO_PinInit                                      ./drivers/fsl_gpio.o
                                                  ./board/pin_mux.o
GPIO_PortClearInterruptFlags                      ./drivers/fsl_gpio.o
GPIO_PortGetInterruptFlags                        ./drivers/fsl_gpio.o
HardFault_Handler                                 ./startup/startup_mkl46z4.o
I2C0_DriverIRQHandler                             ./drivers/fsl_i2c.o
                                                  ./startup/startup_mkl46z4.o
I2C0_IRQHandler                                   ./startup/startup_mkl46z4.o
I2C1_DriverIRQHandler                             ./drivers/fsl_i2c.o
                                                  ./startup/startup_mkl46z4.o
I2C1_IRQHandler                                   ./startup/startup_mkl46z4.o
I2C_DisableInterrupts                             ./drivers/fsl_i2c.o
I2C_EnableInterrupts                              ./drivers/fsl_i2c.o
I2C_GetInstance                                   ./drivers/fsl_i2c.o
I2C_MasterDeinit                                  ./drivers/fsl_i2c.o
I2C_MasterGetDefaultConfig                        ./drivers/fsl_i2c.o
I2C_MasterGetStatusFlags                          ./drivers/fsl_i2c.o
I2C_MasterInit                                    ./drivers/fsl_i2c.o
                                                  ./board/peripherals.o
I2C_MasterReadBlocking                            ./drivers/fsl_i2c.o
I2C_MasterRepeatedStart                           ./drivers/fsl_i2c.o
I2C_MasterSetBaudRate                             ./drivers/fsl_i2c.o
I2C_MasterStart                                   ./drivers/fsl_i2c.o
I2C_MasterStop                                    ./drivers/fsl_i2c.o
I2C_MasterTransferAbort                           ./drivers/fsl_i2c.o
I2C_MasterTransferBlocking                        ./drivers/fsl_i2c.o
I2C_MasterTransferCreateHandle                    ./drivers/fsl_i2c.o
I2C_MasterTransferGetCount                        ./drivers/fsl_i2c.o
I2C_MasterTransferHandleIRQ                       ./drivers/fsl_i2c.o
I2C_MasterTransferNonBlocking                     ./drivers/fsl_i2c.o
I2C_MasterWriteBlocking                           ./drivers/fsl_i2c.o
I2C_SlaveDeinit                                   ./drivers/fsl_i2c.o
I2C_SlaveGetDefaultConfig                         ./drivers/fsl_i2c.o
I2C_SlaveInit                                     ./drivers/fsl_i2c.o
I2C_SlaveReadBlocking                             ./drivers/fsl_i2c.o
I2C_SlaveTransferAbort                            ./drivers/fsl_i2c.o
I2C_SlaveTransferCreateHandle                     ./drivers/fsl_i2c.o
I2C_SlaveTransferGetCount                         ./drivers/fsl_i2c.o
I2C_SlaveTransferHandleIRQ                        ./drivers/fsl_i2c.o
I2C_SlaveTransferNonBlocking                      ./drivers/fsl_i2c.o
I2C_SlaveWriteBlocking                            ./drivers/fsl_i2c.o
I2S0_DriverIRQHandler                             ./startup/startup_mkl46z4.o
I2S0_IRQHandler                                   ./startup/startup_mkl46z4.o
INT2_init                                         ./board/peripherals.o
IO_Deinit                                         ./utilities/fsl_io.o
                                                  ./utilities/fsl_log.o
IO_Init                                           ./utilities/fsl_io.o
                                                  ./utilities/fsl_log.o
IO_Transfer                                       ./utilities/fsl_io.o
                                                  ./utilities/fsl_log.o
IO_WaitIdle                                       ./utilities/fsl_io.o
                                                  ./utilities/fsl_log.o
IntDefaultHandler                                 ./startup/startup_mkl46z4.o
LCD_DriverIRQHandler                              ./startup/startup_mkl46z4.o
LCD_IRQHandler                                    ./startup/startup_mkl46z4.o
LLWU_DriverIRQHandler                             ./startup/startup_mkl46z4.o
LLWU_IRQHandler                                   ./startup/startup_mkl46z4.o
LOG_Deinit                                        ./utilities/fsl_log.o
                                                  ./utilities/fsl_debug_console.o
LOG_Init                                          ./utilities/fsl_log.o
                                                  ./utilities/fsl_debug_console.o
LOG_Pop                                           ./utilities/fsl_log.o
LOG_Push                                          ./utilities/fsl_log.o
                                                  ./utilities/fsl_debug_console.o
LOG_ReadCharacter                                 ./utilities/fsl_log.o
                                                  ./utilities/fsl_debug_console.o
LOG_ReadLine                                      ./utilities/fsl_log.o
                                                  ./utilities/fsl_debug_console.o
LOG_WaitIdle                                      ./utilities/fsl_log.o
                                                  ./utilities/fsl_debug_console.o
LPSCI_ClearStatusFlags                            ./drivers/fsl_lpsci.o
LPSCI_Deinit                                      ./drivers/fsl_lpsci.o
                                                  ./utilities/fsl_io.o
LPSCI_DisableInterrupts                           ./drivers/fsl_lpsci.o
LPSCI_EnableInterrupts                            ./drivers/fsl_lpsci.o
LPSCI_GetDefaultConfig                            ./drivers/fsl_lpsci.o
                                                  ./utilities/fsl_io.o
LPSCI_GetEnabledInterrupts                        ./drivers/fsl_lpsci.o
LPSCI_GetInstance                                 ./drivers/fsl_lpsci.o
LPSCI_GetStatusFlags                              ./drivers/fsl_lpsci.o
                                                  ./utilities/fsl_io.o
LPSCI_Init                                        ./drivers/fsl_lpsci.o
                                                  ./board/peripherals.o
                                                  ./utilities/fsl_io.o
LPSCI_ReadBlocking                                ./drivers/fsl_lpsci.o
                                                  ./utilities/fsl_io.o
LPSCI_SetBaudRate                                 ./drivers/fsl_lpsci.o
LPSCI_TransferAbortReceive                        ./drivers/fsl_lpsci.o
LPSCI_TransferAbortSend                           ./drivers/fsl_lpsci.o
LPSCI_TransferCreateHandle                        ./drivers/fsl_lpsci.o
LPSCI_TransferGetReceiveCount                     ./drivers/fsl_lpsci.o
LPSCI_TransferGetRxRingBufferLength               ./drivers/fsl_lpsci.o
LPSCI_TransferGetSendCount                        ./drivers/fsl_lpsci.o
LPSCI_TransferHandleErrorIRQ                      ./drivers/fsl_lpsci.o
LPSCI_TransferHandleIRQ                           ./drivers/fsl_lpsci.o
LPSCI_TransferReceiveNonBlocking                  ./drivers/fsl_lpsci.o
LPSCI_TransferSendNonBlocking                     ./drivers/fsl_lpsci.o
LPSCI_TransferStartRingBuffer                     ./drivers/fsl_lpsci.o
LPSCI_TransferStopRingBuffer                      ./drivers/fsl_lpsci.o
LPSCI_WriteBlocking                               ./drivers/fsl_lpsci.o
                                                  ./utilities/fsl_io.o
LPTMR0_DriverIRQHandler                           ./startup/startup_mkl46z4.o
LPTMR0_IRQHandler                                 ./startup/startup_mkl46z4.o
LVD_LVW_DriverIRQHandler                          ./startup/startup_mkl46z4.o
LVD_LVW_IRQHandler                                ./startup/startup_mkl46z4.o
MAG_I2C_config                                    ./board/peripherals.o
MAG_I2C_init                                      ./board/peripherals.o
MCG_DriverIRQHandler                              ./startup/startup_mkl46z4.o
MCG_IRQHandler                                    ./startup/startup_mkl46z4.o
NMI_Handler                                       ./startup/startup_mkl46z4.o
PIT_DriverIRQHandler                              ./startup/startup_mkl46z4.o
PIT_IRQHandler                                    ./startup/startup_mkl46z4.o
PORTA_DriverIRQHandler                            ./startup/startup_mkl46z4.o
PORTA_IRQHandler                                  ./startup/startup_mkl46z4.o
PORTC_PORTD_DriverIRQHandler                      ./startup/startup_mkl46z4.o
PORTC_PORTD_IRQHandler                            ./startup/startup_mkl46z4.o
PendSV_Handler                                    ./startup/startup_mkl46z4.o
RTC_DriverIRQHandler                              ./startup/startup_mkl46z4.o
RTC_IRQHandler                                    ./startup/startup_mkl46z4.o
RTC_Seconds_DriverIRQHandler                      ./startup/startup_mkl46z4.o
RTC_Seconds_IRQHandler                            ./startup/startup_mkl46z4.o
Reserved20_DriverIRQHandler                       ./startup/startup_mkl46z4.o
Reserved20_IRQHandler                             ./startup/startup_mkl46z4.o
ResetISR                                          ./startup/startup_mkl46z4.o
SDK_Free                                          ./drivers/fsl_common.o
SDK_Malloc                                        ./drivers/fsl_common.o
SMC_PostExitStopModes                             ./drivers/fsl_smc.o
SMC_PostExitWaitModes                             ./drivers/fsl_smc.o
SMC_PreEnterStopModes                             ./drivers/fsl_smc.o
SMC_PreEnterWaitModes                             ./drivers/fsl_smc.o
SMC_SetPowerModeLls                               ./drivers/fsl_smc.o
SMC_SetPowerModeRun                               ./drivers/fsl_smc.o
SMC_SetPowerModeStop                              ./drivers/fsl_smc.o
SMC_SetPowerModeVlls                              ./drivers/fsl_smc.o
SMC_SetPowerModeVlpr                              ./drivers/fsl_smc.o
                                                  ./board/clock_config.o
SMC_SetPowerModeVlps                              ./drivers/fsl_smc.o
SMC_SetPowerModeVlpw                              ./drivers/fsl_smc.o
SMC_SetPowerModeWait                              ./drivers/fsl_smc.o
SPI0_DriverIRQHandler                             ./startup/startup_mkl46z4.o
SPI0_IRQHandler                                   ./startup/startup_mkl46z4.o
SPI1_DriverIRQHandler                             ./startup/startup_mkl46z4.o
SPI1_IRQHandler                                   ./startup/startup_mkl46z4.o
SVC_Handler                                       ./startup/startup_mkl46z4.o
StrFormatPrintf                                   ./utilities/fsl_str.o
                                                  ./utilities/fsl_debug_console.o
StrFormatScanf                                    ./utilities/fsl_str.o
                                                  ./utilities/fsl_debug_console.o
SysTick_Handler                                   ./startup/startup_mkl46z4.o
SystemCoreClock                                   ./CMSIS/system_MKL46Z4.o
                                                  ./board/clock_config.o
SystemCoreClockUpdate                             ./CMSIS/system_MKL46Z4.o
SystemInit                                        ./CMSIS/system_MKL46Z4.o
                                                  ./startup/startup_mkl46z4.o
SystemInitHook                                    ./CMSIS/system_MKL46Z4.o
TPM0_DriverIRQHandler                             ./startup/startup_mkl46z4.o
TPM0_IRQHandler                                   ./startup/startup_mkl46z4.o
TPM1_DriverIRQHandler                             ./startup/startup_mkl46z4.o
TPM1_IRQHandler                                   ./startup/startup_mkl46z4.o
TPM2_DriverIRQHandler                             ./startup/startup_mkl46z4.o
TPM2_IRQHandler                                   ./startup/startup_mkl46z4.o
TSI0_DriverIRQHandler                             ./startup/startup_mkl46z4.o
TSI0_IRQHandler                                   ./startup/startup_mkl46z4.o
UART0_DriverIRQHandler                            ./drivers/fsl_lpsci.o
                                                  ./startup/startup_mkl46z4.o
UART0_IRQHandler                                  ./startup/startup_mkl46z4.o
UART1_DriverIRQHandler                            ./drivers/fsl_uart.o
                                                  ./startup/startup_mkl46z4.o
UART1_IRQHandler                                  ./startup/startup_mkl46z4.o
UART1_RX_TX_DriverIRQHandler                      ./drivers/fsl_uart.o
UART2_DriverIRQHandler                            ./drivers/fsl_uart.o
                                                  ./startup/startup_mkl46z4.o
UART2_IRQHandler                                  ./startup/startup_mkl46z4.o
UART2_RX_TX_DriverIRQHandler                      ./drivers/fsl_uart.o
UART_ClearStatusFlags                             ./drivers/fsl_uart.o
UART_Deinit                                       ./drivers/fsl_uart.o
                                                  ./utilities/fsl_io.o
UART_DisableInterrupts                            ./drivers/fsl_uart.o
UART_EnableInterrupts                             ./drivers/fsl_uart.o
UART_GetDefaultConfig                             ./drivers/fsl_uart.o
                                                  ./utilities/fsl_io.o
UART_GetEnabledInterrupts                         ./drivers/fsl_uart.o
UART_GetInstance                                  ./drivers/fsl_uart.o
UART_GetStatusFlags                               ./drivers/fsl_uart.o
                                                  ./utilities/fsl_io.o
UART_Init                                         ./drivers/fsl_uart.o
                                                  ./utilities/fsl_io.o
UART_ReadBlocking                                 ./drivers/fsl_uart.o
                                                  ./utilities/fsl_io.o
UART_SetBaudRate                                  ./drivers/fsl_uart.o
UART_TransferAbortReceive                         ./drivers/fsl_uart.o
UART_TransferAbortSend                            ./drivers/fsl_uart.o
UART_TransferCreateHandle                         ./drivers/fsl_uart.o
UART_TransferGetReceiveCount                      ./drivers/fsl_uart.o
UART_TransferGetRxRingBufferLength                ./drivers/fsl_uart.o
UART_TransferGetSendCount                         ./drivers/fsl_uart.o
UART_TransferHandleErrorIRQ                       ./drivers/fsl_uart.o
UART_TransferHandleIRQ                            ./drivers/fsl_uart.o
UART_TransferReceiveNonBlocking                   ./drivers/fsl_uart.o
UART_TransferSendNonBlocking                      ./drivers/fsl_uart.o
UART_TransferStartRingBuffer                      ./drivers/fsl_uart.o
UART_TransferStopRingBuffer                       ./drivers/fsl_uart.o
UART_WriteBlocking                                ./drivers/fsl_uart.o
                                                  ./utilities/fsl_io.o
USB0_DriverIRQHandler                             ./startup/startup_mkl46z4.o
USB0_IRQHandler                                   ./startup/startup_mkl46z4.o
_Csys_alloc                                       /Applications/MCUXpressoIDE_11.5.0_7232/ide/plugins/com.nxp.mcuxpresso.tools.macosx_11.5.0.202107051138/tools/bin/../lib/gcc/arm-none-eabi/10.3.1/../../../../arm-none-eabi/lib/thumb/v6-m/nofp/libcr_c.a(alloc.o)
                                                  /Applications/MCUXpressoIDE_11.5.0_7232/ide/plugins/com.nxp.mcuxpresso.tools.macosx_11.5.0.202107051138/tools/bin/../lib/gcc/arm-none-eabi/10.3.1/../../../../arm-none-eabi/lib/thumb/v6-m/nofp/libcr_c.a(_deferredlazyseek.o)
_Cwritebuf                                        /Applications/MCUXpressoIDE_11.5.0_7232/ide/plugins/com.nxp.mcuxpresso.tools.macosx_11.5.0.202107051138/tools/bin/../lib/gcc/arm-none-eabi/10.3.1/../../../../arm-none-eabi/lib/thumb/v6-m/nofp/libcr_c.a(_writebuf.o)
                                                  /Applications/MCUXpressoIDE_11.5.0_7232/ide/plugins/com.nxp.mcuxpresso.tools.macosx_11.5.0.202107051138/tools/bin/../lib/gcc/arm-none-eabi/10.3.1/../../../../arm-none-eabi/lib/thumb/v6-m/nofp/libcr_c.a(_fflush.o)
                                                  /Applications/MCUXpressoIDE_11.5.0_7232/ide/plugins/com.nxp.mcuxpresso.tools.macosx_11.5.0.202107051138/tools/bin/../lib/gcc/arm-none-eabi/10.3.1/../../../../arm-none-eabi/lib/thumb/v6-m/nofp/libcr_c.a(_deferredlazyseek.o)
__Ciob                                            /Applications/MCUXpressoIDE_11.5.0_7232/ide/plugins/com.nxp.mcuxpresso.tools.macosx_11.5.0.202107051138/tools/bin/../lib/gcc/arm-none-eabi/10.3.1/../../../../arm-none-eabi/lib/thumb/v6-m/nofp/libcr_nohost_nf.a(__ciob.o)
                                                  /Applications/MCUXpressoIDE_11.5.0_7232/ide/plugins/com.nxp.mcuxpresso.tools.macosx_11.5.0.202107051138/tools/bin/../lib/gcc/arm-none-eabi/10.3.1/../../../../arm-none-eabi/lib/thumb/v6-m/nofp/libcr_c.a(fflush.o)
                                                  /Applications/MCUXpressoIDE_11.5.0_7232/ide/plugins/com.nxp.mcuxpresso.tools.macosx_11.5.0.202107051138/tools/bin/../lib/gcc/arm-none-eabi/10.3.1/../../../../arm-none-eabi/lib/thumb/v6-m/nofp/libcr_c.a(initio.o)
                                                  /Applications/MCUXpressoIDE_11.5.0_7232/ide/plugins/com.nxp.mcuxpresso.tools.macosx_11.5.0.202107051138/tools/bin/../lib/gcc/arm-none-eabi/10.3.1/../../../../arm-none-eabi/lib/thumb/v6-m/nofp/libcr_nohost_nf.a(_cr_assert.o)
__Vectors                                         ./startup/startup_mkl46z4.o
__aeabi_idiv                                      /Applications/MCUXpressoIDE_11.5.0_7232/ide/plugins/com.nxp.mcuxpresso.tools.macosx_11.5.0.202107051138/tools/bin/../lib/gcc/arm-none-eabi/10.3.1/thumb/v6-m/nofp/libcr_eabihelpers.a(division_32.o)
                                                  ./utilities/fsl_str.o
__aeabi_idiv0                                     /Applications/MCUXpressoIDE_11.5.0_7232/ide/plugins/com.nxp.mcuxpresso.tools.macosx_11.5.0.202107051138/tools/bin/../lib/gcc/arm-none-eabi/10.3.1/thumb/v6-m/nofp/libcr_eabihelpers.a(division_idiv0.o)
                                                  /Applications/MCUXpressoIDE_11.5.0_7232/ide/plugins/com.nxp.mcuxpresso.tools.macosx_11.5.0.202107051138/tools/bin/../lib/gcc/arm-none-eabi/10.3.1/thumb/v6-m/nofp/libcr_eabihelpers.a(division_32.o)
__aeabi_idivmod                                   /Applications/MCUXpressoIDE_11.5.0_7232/ide/plugins/com.nxp.mcuxpresso.tools.macosx_11.5.0.202107051138/tools/bin/../lib/gcc/arm-none-eabi/10.3.1/thumb/v6-m/nofp/libcr_eabihelpers.a(division_32.o)
__aeabi_lowlevel_memset                           /Applications/MCUXpressoIDE_11.5.0_7232/ide/plugins/com.nxp.mcuxpresso.tools.macosx_11.5.0.202107051138/tools/bin/../lib/gcc/arm-none-eabi/10.3.1/thumb/v6-m/nofp/libcr_eabihelpers.a(memcpy.o)
                                                  /Applications/MCUXpressoIDE_11.5.0_7232/ide/plugins/com.nxp.mcuxpresso.tools.macosx_11.5.0.202107051138/tools/bin/../lib/gcc/arm-none-eabi/10.3.1/../../../../arm-none-eabi/lib/thumb/v6-m/nofp/libcr_c.a(memset.o)
__aeabi_memclr                                    /Applications/MCUXpressoIDE_11.5.0_7232/ide/plugins/com.nxp.mcuxpresso.tools.macosx_11.5.0.202107051138/tools/bin/../lib/gcc/arm-none-eabi/10.3.1/thumb/v6-m/nofp/libcr_eabihelpers.a(memcpy.o)
__aeabi_memclr4                                   /Applications/MCUXpressoIDE_11.5.0_7232/ide/plugins/com.nxp.mcuxpresso.tools.macosx_11.5.0.202107051138/tools/bin/../lib/gcc/arm-none-eabi/10.3.1/thumb/v6-m/nofp/libcr_eabihelpers.a(memcpy.o)
__aeabi_memclr8                                   /Applications/MCUXpressoIDE_11.5.0_7232/ide/plugins/com.nxp.mcuxpresso.tools.macosx_11.5.0.202107051138/tools/bin/../lib/gcc/arm-none-eabi/10.3.1/thumb/v6-m/nofp/libcr_eabihelpers.a(memcpy.o)
__aeabi_memcpy                                    /Applications/MCUXpressoIDE_11.5.0_7232/ide/plugins/com.nxp.mcuxpresso.tools.macosx_11.5.0.202107051138/tools/bin/../lib/gcc/arm-none-eabi/10.3.1/thumb/v6-m/nofp/libcr_eabihelpers.a(memcpy.o)
                                                  /Applications/MCUXpressoIDE_11.5.0_7232/ide/plugins/com.nxp.mcuxpresso.tools.macosx_11.5.0.202107051138/tools/bin/../lib/gcc/arm-none-eabi/10.3.1/../../../../arm-none-eabi/lib/thumb/v6-m/nofp/libcr_c.a(memcpy.o)
__aeabi_memcpy4                                   /Applications/MCUXpressoIDE_11.5.0_7232/ide/plugins/com.nxp.mcuxpresso.tools.macosx_11.5.0.202107051138/tools/bin/../lib/gcc/arm-none-eabi/10.3.1/thumb/v6-m/nofp/libcr_eabihelpers.a(memcpy.o)
__aeabi_memcpy8                                   /Applications/MCUXpressoIDE_11.5.0_7232/ide/plugins/com.nxp.mcuxpresso.tools.macosx_11.5.0.202107051138/tools/bin/../lib/gcc/arm-none-eabi/10.3.1/thumb/v6-m/nofp/libcr_eabihelpers.a(memcpy.o)
__aeabi_memmove                                   /Applications/MCUXpressoIDE_11.5.0_7232/ide/plugins/com.nxp.mcuxpresso.tools.macosx_11.5.0.202107051138/tools/bin/../lib/gcc/arm-none-eabi/10.3.1/thumb/v6-m/nofp/libcr_eabihelpers.a(memcpy.o)
__aeabi_memmove4                                  /Applications/MCUXpressoIDE_11.5.0_7232/ide/plugins/com.nxp.mcuxpresso.tools.macosx_11.5.0.202107051138/tools/bin/../lib/gcc/arm-none-eabi/10.3.1/thumb/v6-m/nofp/libcr_eabihelpers.a(memcpy.o)
__aeabi_memmove8                                  /Applications/MCUXpressoIDE_11.5.0_7232/ide/plugins/com.nxp.mcuxpresso.tools.macosx_11.5.0.202107051138/tools/bin/../lib/gcc/arm-none-eabi/10.3.1/thumb/v6-m/nofp/libcr_eabihelpers.a(memcpy.o)
__aeabi_memset                                    /Applications/MCUXpressoIDE_11.5.0_7232/ide/plugins/com.nxp.mcuxpresso.tools.macosx_11.5.0.202107051138/tools/bin/../lib/gcc/arm-none-eabi/10.3.1/thumb/v6-m/nofp/libcr_eabihelpers.a(memcpy.o)
__aeabi_memset4                                   /Applications/MCUXpressoIDE_11.5.0_7232/ide/plugins/com.nxp.mcuxpresso.tools.macosx_11.5.0.202107051138/tools/bin/../lib/gcc/arm-none-eabi/10.3.1/thumb/v6-m/nofp/libcr_eabihelpers.a(memcpy.o)
__aeabi_memset8                                   /Applications/MCUXpressoIDE_11.5.0_7232/ide/plugins/com.nxp.mcuxpresso.tools.macosx_11.5.0.202107051138/tools/bin/../lib/gcc/arm-none-eabi/10.3.1/thumb/v6-m/nofp/libcr_eabihelpers.a(memcpy.o)
__aeabi_uidiv                                     /Applications/MCUXpressoIDE_11.5.0_7232/ide/plugins/com.nxp.mcuxpresso.tools.macosx_11.5.0.202107051138/tools/bin/../lib/gcc/arm-none-eabi/10.3.1/thumb/v6-m/nofp/libcr_eabihelpers.a(division_32.o)
                                                  ./CMSIS/system_MKL46Z4.o
                                                  ./drivers/fsl_uart.o
                                                  ./drivers/fsl_lpsci.o
                                                  ./drivers/fsl_i2c.o
                                                  ./drivers/fsl_ftfx_flash.o
                                                  ./drivers/fsl_ftfx_controller.o
                                                  ./drivers/fsl_clock.o
                                                  ./utilities/fsl_str.o
__aeabi_uidivmod                                  /Applications/MCUXpressoIDE_11.5.0_7232/ide/plugins/com.nxp.mcuxpresso.tools.macosx_11.5.0.202107051138/tools/bin/../lib/gcc/arm-none-eabi/10.3.1/thumb/v6-m/nofp/libcr_eabihelpers.a(division_32.o)
                                                  ./drivers/fsl_ftfx_controller.o
__assertion_failed                                /Applications/MCUXpressoIDE_11.5.0_7232/ide/plugins/com.nxp.mcuxpresso.tools.macosx_11.5.0.202107051138/tools/bin/../lib/gcc/arm-none-eabi/10.3.1/../../../../arm-none-eabi/lib/thumb/v6-m/nofp/libcr_nohost_nf.a(_cr_assert.o)
                                                  ./board/pin_mux.o
                                                  ./drivers/fsl_uart.o
                                                  ./drivers/fsl_lpsci.o
                                                  ./drivers/fsl_i2c.o
                                                  ./drivers/fsl_gpio.o
                                                  ./drivers/fsl_clock.o
                                                  ./utilities/fsl_log.o
                                                  ./utilities/fsl_io.o
                                                  ./utilities/fsl_debug_console.o
__bss_section_table_end                           ./startup/startup_mkl46z4.o
__check_heap_overflow                             /Applications/MCUXpressoIDE_11.5.0_7232/ide/plugins/com.nxp.mcuxpresso.tools.macosx_11.5.0.202107051138/tools/bin/../lib/gcc/arm-none-eabi/10.3.1/../../../../arm-none-eabi/lib/thumb/v6-m/nofp/libcr_c.a(_cr_check_heap.o)
                                                  /Applications/MCUXpressoIDE_11.5.0_7232/ide/plugins/com.nxp.mcuxpresso.tools.macosx_11.5.0.202107051138/tools/bin/../lib/gcc/arm-none-eabi/10.3.1/../../../../arm-none-eabi/lib/thumb/v6-m/nofp/libcr_c.a(_cr_sbrk.o)
__data_section_table                              ./startup/startup_mkl46z4.o
__data_section_table_end                          ./startup/startup_mkl46z4.o
__end_of_heap                                     /Applications/MCUXpressoIDE_11.5.0_7232/ide/plugins/com.nxp.mcuxpresso.tools.macosx_11.5.0.202107051138/tools/bin/../lib/gcc/arm-none-eabi/10.3.1/../../../../arm-none-eabi/lib/thumb/v6-m/nofp/libcr_c.a(__init_alloc.o)
                                                  /Applications/MCUXpressoIDE_11.5.0_7232/ide/plugins/com.nxp.mcuxpresso.tools.macosx_11.5.0.202107051138/tools/bin/../lib/gcc/arm-none-eabi/10.3.1/../../../../arm-none-eabi/lib/thumb/v6-m/nofp/libcr_c.a(_cr_sbrk.o)
__exit                                            /Applications/MCUXpressoIDE_11.5.0_7232/ide/plugins/com.nxp.mcuxpresso.tools.macosx_11.5.0.202107051138/tools/bin/../lib/gcc/arm-none-eabi/10.3.1/../../../../arm-none-eabi/lib/thumb/v6-m/nofp/libcr_nohost_nf.a(__sys_appexit.o)
__flsbuf                                          /Applications/MCUXpressoIDE_11.5.0_7232/ide/plugins/com.nxp.mcuxpresso.tools.macosx_11.5.0.202107051138/tools/bin/../lib/gcc/arm-none-eabi/10.3.1/../../../../arm-none-eabi/lib/thumb/v6-m/nofp/libcr_c.a(_deferredlazyseek.o)
                                                  /Applications/MCUXpressoIDE_11.5.0_7232/ide/plugins/com.nxp.mcuxpresso.tools.macosx_11.5.0.202107051138/tools/bin/../lib/gcc/arm-none-eabi/10.3.1/../../../../arm-none-eabi/lib/thumb/v6-m/nofp/libcr_c.a(fputs.o)
                                                  /Applications/MCUXpressoIDE_11.5.0_7232/ide/plugins/com.nxp.mcuxpresso.tools.macosx_11.5.0.202107051138/tools/bin/../lib/gcc/arm-none-eabi/10.3.1/../../../../arm-none-eabi/lib/thumb/v6-m/nofp/libcr_nohost_nf.a(_cr_assert.o)
__heaps                                           /Applications/MCUXpressoIDE_11.5.0_7232/ide/plugins/com.nxp.mcuxpresso.tools.macosx_11.5.0.202107051138/tools/bin/../lib/gcc/arm-none-eabi/10.3.1/../../../../arm-none-eabi/lib/thumb/v6-m/nofp/libcr_c.a(__init_alloc.o)
                                                  /Applications/MCUXpressoIDE_11.5.0_7232/ide/plugins/com.nxp.mcuxpresso.tools.macosx_11.5.0.202107051138/tools/bin/../lib/gcc/arm-none-eabi/10.3.1/../../../../arm-none-eabi/lib/thumb/v6-m/nofp/libcr_c.a(alloc.o)
__main                                            /Applications/MCUXpressoIDE_11.5.0_7232/ide/plugins/com.nxp.mcuxpresso.tools.macosx_11.5.0.202107051138/tools/bin/../lib/gcc/arm-none-eabi/10.3.1/../../../../arm-none-eabi/lib/thumb/v6-m/nofp/libcr_nohost_nf.a(_cr__main.o)
                                                  ./startup/startup_mkl46z4.o
__num_Ciob_streams                                /Applications/MCUXpressoIDE_11.5.0_7232/ide/plugins/com.nxp.mcuxpresso.tools.macosx_11.5.0.202107051138/tools/bin/../lib/gcc/arm-none-eabi/10.3.1/../../../../arm-none-eabi/lib/thumb/v6-m/nofp/libcr_nohost_nf.a(__ciob.o)
                                                  /Applications/MCUXpressoIDE_11.5.0_7232/ide/plugins/com.nxp.mcuxpresso.tools.macosx_11.5.0.202107051138/tools/bin/../lib/gcc/arm-none-eabi/10.3.1/../../../../arm-none-eabi/lib/thumb/v6-m/nofp/libcr_c.a(fflush.o)
                                                  /Applications/MCUXpressoIDE_11.5.0_7232/ide/plugins/com.nxp.mcuxpresso.tools.macosx_11.5.0.202107051138/tools/bin/../lib/gcc/arm-none-eabi/10.3.1/../../../../arm-none-eabi/lib/thumb/v6-m/nofp/libcr_c.a(initio.o)
__sys_appexit                                     /Applications/MCUXpressoIDE_11.5.0_7232/ide/plugins/com.nxp.mcuxpresso.tools.macosx_11.5.0.202107051138/tools/bin/../lib/gcc/arm-none-eabi/10.3.1/../../../../arm-none-eabi/lib/thumb/v6-m/nofp/libcr_nohost_nf.a(__sys_appexit.o)
                                                  /Applications/MCUXpressoIDE_11.5.0_7232/ide/plugins/com.nxp.mcuxpresso.tools.macosx_11.5.0.202107051138/tools/bin/../lib/gcc/arm-none-eabi/10.3.1/../../../../arm-none-eabi/lib/thumb/v6-m/nofp/libcr_c.a(alloc.o)
                                                  /Applications/MCUXpressoIDE_11.5.0_7232/ide/plugins/com.nxp.mcuxpresso.tools.macosx_11.5.0.202107051138/tools/bin/../lib/gcc/arm-none-eabi/10.3.1/../../../../arm-none-eabi/lib/thumb/v6-m/nofp/libcr_nohost_nf.a(_cr_assert.o)
__sys_close                                       /Applications/MCUXpressoIDE_11.5.0_7232/ide/plugins/com.nxp.mcuxpresso.tools.macosx_11.5.0.202107051138/tools/bin/../lib/gcc/arm-none-eabi/10.3.1/../../../../arm-none-eabi/lib/thumb/v6-m/nofp/libcr_nohost_nf.a(__sys_close.o)
                                                  /Applications/MCUXpressoIDE_11.5.0_7232/ide/plugins/com.nxp.mcuxpresso.tools.macosx_11.5.0.202107051138/tools/bin/../lib/gcc/arm-none-eabi/10.3.1/../../../../arm-none-eabi/lib/thumb/v6-m/nofp/libcr_c.a(fclose.o)
__sys_flen                                        /Applications/MCUXpressoIDE_11.5.0_7232/ide/plugins/com.nxp.mcuxpresso.tools.macosx_11.5.0.202107051138/tools/bin/../lib/gcc/arm-none-eabi/10.3.1/../../../../arm-none-eabi/lib/thumb/v6-m/nofp/libcr_nohost_nf.a(__sys_flen.o)
                                                  /Applications/MCUXpressoIDE_11.5.0_7232/ide/plugins/com.nxp.mcuxpresso.tools.macosx_11.5.0.202107051138/tools/bin/../lib/gcc/arm-none-eabi/10.3.1/../../../../arm-none-eabi/lib/thumb/v6-m/nofp/libcr_c.a(fseek.o)
                                                  /Applications/MCUXpressoIDE_11.5.0_7232/ide/plugins/com.nxp.mcuxpresso.tools.macosx_11.5.0.202107051138/tools/bin/../lib/gcc/arm-none-eabi/10.3.1/../../../../arm-none-eabi/lib/thumb/v6-m/nofp/libcr_c.a(_writebuf.o)
__sys_istty                                       /Applications/MCUXpressoIDE_11.5.0_7232/ide/plugins/com.nxp.mcuxpresso.tools.macosx_11.5.0.202107051138/tools/bin/../lib/gcc/arm-none-eabi/10.3.1/../../../../arm-none-eabi/lib/thumb/v6-m/nofp/libcr_nohost_nf.a(__sys_istty.o)
                                                  /Applications/MCUXpressoIDE_11.5.0_7232/ide/plugins/com.nxp.mcuxpresso.tools.macosx_11.5.0.202107051138/tools/bin/../lib/gcc/arm-none-eabi/10.3.1/../../../../arm-none-eabi/lib/thumb/v6-m/nofp/libcr_c.a(fseek.o)
                                                  /Applications/MCUXpressoIDE_11.5.0_7232/ide/plugins/com.nxp.mcuxpresso.tools.macosx_11.5.0.202107051138/tools/bin/../lib/gcc/arm-none-eabi/10.3.1/../../../../arm-none-eabi/lib/thumb/v6-m/nofp/libcr_c.a(_deferredlazyseek.o)
__sys_remove                                      /Applications/MCUXpressoIDE_11.5.0_7232/ide/plugins/com.nxp.mcuxpresso.tools.macosx_11.5.0.202107051138/tools/bin/../lib/gcc/arm-none-eabi/10.3.1/../../../../arm-none-eabi/lib/thumb/v6-m/nofp/libcr_nohost_nf.a(__sys_remove.o)
                                                  /Applications/MCUXpressoIDE_11.5.0_7232/ide/plugins/com.nxp.mcuxpresso.tools.macosx_11.5.0.202107051138/tools/bin/../lib/gcc/arm-none-eabi/10.3.1/../../../../arm-none-eabi/lib/thumb/v6-m/nofp/libcr_c.a(remove.o)
__sys_rename                                      /Applications/MCUXpressoIDE_11.5.0_7232/ide/plugins/com.nxp.mcuxpresso.tools.macosx_11.5.0.202107051138/tools/bin/../lib/gcc/arm-none-eabi/10.3.1/../../../../arm-none-eabi/lib/thumb/v6-m/nofp/libcr_nohost_nf.a(__sys_rename.o)
                                                  /Applications/MCUXpressoIDE_11.5.0_7232/ide/plugins/com.nxp.mcuxpresso.tools.macosx_11.5.0.202107051138/tools/bin/../lib/gcc/arm-none-eabi/10.3.1/../../../../arm-none-eabi/lib/thumb/v6-m/nofp/libcr_c.a(remove.o)
__sys_seek                                        /Applications/MCUXpressoIDE_11.5.0_7232/ide/plugins/com.nxp.mcuxpresso.tools.macosx_11.5.0.202107051138/tools/bin/../lib/gcc/arm-none-eabi/10.3.1/../../../../arm-none-eabi/lib/thumb/v6-m/nofp/libcr_nohost_nf.a(__sys_seek.o)
                                                  /Applications/MCUXpressoIDE_11.5.0_7232/ide/plugins/com.nxp.mcuxpresso.tools.macosx_11.5.0.202107051138/tools/bin/../lib/gcc/arm-none-eabi/10.3.1/../../../../arm-none-eabi/lib/thumb/v6-m/nofp/libcr_c.a(_writebuf.o)
__sys_tmpnam                                      /Applications/MCUXpressoIDE_11.5.0_7232/ide/plugins/com.nxp.mcuxpresso.tools.macosx_11.5.0.202107051138/tools/bin/../lib/gcc/arm-none-eabi/10.3.1/../../../../arm-none-eabi/lib/thumb/v6-m/nofp/libcr_nohost_nf.a(__sys_tmpnam.o)
                                                  /Applications/MCUXpressoIDE_11.5.0_7232/ide/plugins/com.nxp.mcuxpresso.tools.macosx_11.5.0.202107051138/tools/bin/../lib/gcc/arm-none-eabi/10.3.1/../../../../arm-none-eabi/lib/thumb/v6-m/nofp/libcr_c.a(fclose.o)
__sys_write                                       /Applications/MCUXpressoIDE_11.5.0_7232/ide/plugins/com.nxp.mcuxpresso.tools.macosx_11.5.0.202107051138/tools/bin/../lib/gcc/arm-none-eabi/10.3.1/../../../../arm-none-eabi/lib/thumb/v6-m/nofp/libcr_nohost_nf.a(__sys_write.o)
                                                  /Applications/MCUXpressoIDE_11.5.0_7232/ide/plugins/com.nxp.mcuxpresso.tools.macosx_11.5.0.202107051138/tools/bin/../lib/gcc/arm-none-eabi/10.3.1/../../../../arm-none-eabi/lib/thumb/v6-m/nofp/libcr_c.a(alloc.o)
                                                  /Applications/MCUXpressoIDE_11.5.0_7232/ide/plugins/com.nxp.mcuxpresso.tools.macosx_11.5.0.202107051138/tools/bin/../lib/gcc/arm-none-eabi/10.3.1/../../../../arm-none-eabi/lib/thumb/v6-m/nofp/libcr_c.a(_writebuf.o)
_deferredlazyseek                                 /Applications/MCUXpressoIDE_11.5.0_7232/ide/plugins/com.nxp.mcuxpresso.tools.macosx_11.5.0.202107051138/tools/bin/../lib/gcc/arm-none-eabi/10.3.1/../../../../arm-none-eabi/lib/thumb/v6-m/nofp/libcr_c.a(_deferredlazyseek.o)
                                                  /Applications/MCUXpressoIDE_11.5.0_7232/ide/plugins/com.nxp.mcuxpresso.tools.macosx_11.5.0.202107051138/tools/bin/../lib/gcc/arm-none-eabi/10.3.1/../../../../arm-none-eabi/lib/thumb/v6-m/nofp/libcr_c.a(_do_fflush.o)
_do_fflush                                        /Applications/MCUXpressoIDE_11.5.0_7232/ide/plugins/com.nxp.mcuxpresso.tools.macosx_11.5.0.202107051138/tools/bin/../lib/gcc/arm-none-eabi/10.3.1/../../../../arm-none-eabi/lib/thumb/v6-m/nofp/libcr_c.a(_do_fflush.o)
                                                  /Applications/MCUXpressoIDE_11.5.0_7232/ide/plugins/com.nxp.mcuxpresso.tools.macosx_11.5.0.202107051138/tools/bin/../lib/gcc/arm-none-eabi/10.3.1/../../../../arm-none-eabi/lib/thumb/v6-m/nofp/libcr_c.a(fflush.o)
_fdopen                                           /Applications/MCUXpressoIDE_11.5.0_7232/ide/plugins/com.nxp.mcuxpresso.tools.macosx_11.5.0.202107051138/tools/bin/../lib/gcc/arm-none-eabi/10.3.1/../../../../arm-none-eabi/lib/thumb/v6-m/nofp/libcr_c.a(_fdopen.o)
                                                  /Applications/MCUXpressoIDE_11.5.0_7232/ide/plugins/com.nxp.mcuxpresso.tools.macosx_11.5.0.202107051138/tools/bin/../lib/gcc/arm-none-eabi/10.3.1/../../../../arm-none-eabi/lib/thumb/v6-m/nofp/libcr_c.a(initio.o)
_fflush                                           /Applications/MCUXpressoIDE_11.5.0_7232/ide/plugins/com.nxp.mcuxpresso.tools.macosx_11.5.0.202107051138/tools/bin/../lib/gcc/arm-none-eabi/10.3.1/../../../../arm-none-eabi/lib/thumb/v6-m/nofp/libcr_c.a(_fflush.o)
                                                  /Applications/MCUXpressoIDE_11.5.0_7232/ide/plugins/com.nxp.mcuxpresso.tools.macosx_11.5.0.202107051138/tools/bin/../lib/gcc/arm-none-eabi/10.3.1/../../../../arm-none-eabi/lib/thumb/v6-m/nofp/libcr_c.a(_do_fflush.o)
                                                  /Applications/MCUXpressoIDE_11.5.0_7232/ide/plugins/com.nxp.mcuxpresso.tools.macosx_11.5.0.202107051138/tools/bin/../lib/gcc/arm-none-eabi/10.3.1/../../../../arm-none-eabi/lib/thumb/v6-m/nofp/libcr_c.a(_deferredlazyseek.o)
_init_alloc                                       /Applications/MCUXpressoIDE_11.5.0_7232/ide/plugins/com.nxp.mcuxpresso.tools.macosx_11.5.0.202107051138/tools/bin/../lib/gcc/arm-none-eabi/10.3.1/../../../../arm-none-eabi/lib/thumb/v6-m/nofp/libcr_c.a(__init_alloc.o)
_initio                                           /Applications/MCUXpressoIDE_11.5.0_7232/ide/plugins/com.nxp.mcuxpresso.tools.macosx_11.5.0.202107051138/tools/bin/../lib/gcc/arm-none-eabi/10.3.1/../../../../arm-none-eabi/lib/thumb/v6-m/nofp/libcr_c.a(initio.o)
                                                  /Applications/MCUXpressoIDE_11.5.0_7232/ide/plugins/com.nxp.mcuxpresso.tools.macosx_11.5.0.202107051138/tools/bin/../lib/gcc/arm-none-eabi/10.3.1/../../../../arm-none-eabi/lib/thumb/v6-m/nofp/libcr_nohost_nf.a(_cr__main.o)
_pvHeapLimit                                      /Applications/MCUXpressoIDE_11.5.0_7232/ide/plugins/com.nxp.mcuxpresso.tools.macosx_11.5.0.202107051138/tools/bin/../lib/gcc/arm-none-eabi/10.3.1/../../../../arm-none-eabi/lib/thumb/v6-m/nofp/libcr_c.a(_cr_check_heap.o)
_pvHeapStart                                      /Applications/MCUXpressoIDE_11.5.0_7232/ide/plugins/com.nxp.mcuxpresso.tools.macosx_11.5.0.202107051138/tools/bin/../lib/gcc/arm-none-eabi/10.3.1/../../../../arm-none-eabi/lib/thumb/v6-m/nofp/libcr_c.a(_cr_sbrk.o)
_sbrk                                             /Applications/MCUXpressoIDE_11.5.0_7232/ide/plugins/com.nxp.mcuxpresso.tools.macosx_11.5.0.202107051138/tools/bin/../lib/gcc/arm-none-eabi/10.3.1/../../../../arm-none-eabi/lib/thumb/v6-m/nofp/libcr_c.a(_cr_sbrk.o)
                                                  /Applications/MCUXpressoIDE_11.5.0_7232/ide/plugins/com.nxp.mcuxpresso.tools.macosx_11.5.0.202107051138/tools/bin/../lib/gcc/arm-none-eabi/10.3.1/../../../../arm-none-eabi/lib/thumb/v6-m/nofp/libcr_c.a(alloc.o)